
*** Running vivado
    with args -log system_ilmb_v10_0.vds -m64 -product Vivado -mode batch -messageDb vivado.pb -notrace -source system_ilmb_v10_0.tcl


ECHO is off.
ECHO is off.

****** Vivado v2023.1 (64-bit)
  **** SW Build 3865809 on Sun May  7 15:05:29 MDT 2023
  **** IP Build 3864474 on Sun May  7 20:36:21 MDT 2023
  **** SharedData Build 3865790 on Sun May 07 13:33:03 MDT 2023
    ** Copyright 1986-2022 Xilinx, Inc. All Rights Reserved.
    ** Copyright 2022-2023 Advanced Micro Devices, Inc. All Rights Reserved.

source system_ilmb_v10_0.tcl -notrace
create_project: Time (s): cpu = 00:00:13 ; elapsed = 00:00:14 . Memory (MB): peak = 485.219 ; gain = 201.754
INFO: [IP_Flow 19-6924] IPCACHE: Running cache check for IP inst: system_ilmb_v10_0
INFO: [IP_Flow 19-6922] IPCACHE: Exporting cached entry dd6dcd5ebe87bad3 to dir: C:/Users/sMDT/Documents/GitHub/sMDT_fpga_arndt/Project/Ethernet/Ethernet.runs/system_ilmb_v10_0_synth_1
INFO: [IP_Flow 19-6928] IPCACHE: copied cached file c:/Users/sMDT/Documents/GitHub/sMDT_fpga_arndt/Project/Ethernet/Ethernet.cache/ip/2023.1/d/d/dd6dcd5ebe87bad3/system_dlmb_v10_0.dcp to C:/Users/sMDT/Documents/GitHub/sMDT_fpga_arndt/Project/Ethernet/Ethernet.runs/system_ilmb_v10_0_synth_1/system_ilmb_v10_0.dcp.
INFO: [IP_Flow 19-6928] IPCACHE: copied cached file c:/Users/sMDT/Documents/GitHub/sMDT_fpga_arndt/Project/Ethernet/Ethernet.cache/ip/2023.1/d/d/dd6dcd5ebe87bad3/system_dlmb_v10_0_sim_netlist.v to C:/Users/sMDT/Documents/GitHub/sMDT_fpga_arndt/Project/Ethernet/Ethernet.runs/system_ilmb_v10_0_synth_1/system_ilmb_v10_0_sim_netlist.v.
INFO: [IP_Flow 19-6928] IPCACHE: copied cached file c:/Users/sMDT/Documents/GitHub/sMDT_fpga_arndt/Project/Ethernet/Ethernet.cache/ip/2023.1/d/d/dd6dcd5ebe87bad3/system_dlmb_v10_0_sim_netlist.vhdl to C:/Users/sMDT/Documents/GitHub/sMDT_fpga_arndt/Project/Ethernet/Ethernet.runs/system_ilmb_v10_0_synth_1/system_ilmb_v10_0_sim_netlist.vhdl.
INFO: [IP_Flow 19-6928] IPCACHE: copied cached file c:/Users/sMDT/Documents/GitHub/sMDT_fpga_arndt/Project/Ethernet/Ethernet.cache/ip/2023.1/d/d/dd6dcd5ebe87bad3/system_dlmb_v10_0_stub.v to C:/Users/sMDT/Documents/GitHub/sMDT_fpga_arndt/Project/Ethernet/Ethernet.runs/system_ilmb_v10_0_synth_1/system_ilmb_v10_0_stub.v.
INFO: [IP_Flow 19-6928] IPCACHE: copied cached file c:/Users/sMDT/Documents/GitHub/sMDT_fpga_arndt/Project/Ethernet/Ethernet.cache/ip/2023.1/d/d/dd6dcd5ebe87bad3/system_dlmb_v10_0_stub.vhdl to C:/Users/sMDT/Documents/GitHub/sMDT_fpga_arndt/Project/Ethernet/Ethernet.runs/system_ilmb_v10_0_synth_1/system_ilmb_v10_0_stub.vhdl.
INFO: [IP_Flow 19-4838] Using cached IP synthesis design for IP system_ilmb_v10_0, cache-ID = dd6dcd5ebe87bad3.
INFO: [Common 17-206] Exiting Vivado at Mon Mar 31 11:15:36 2025...
