
*** Running vivado
    with args -log system_wrapper.vds -m64 -product Vivado -mode batch -messageDb vivado.pb -notrace -source system_wrapper.tcl


ECHO is off.
ECHO is off.

****** Vivado v2023.1 (64-bit)
  **** SW Build 3865809 on Sun May  7 15:05:29 MDT 2023
  **** IP Build 3864474 on Sun May  7 20:36:21 MDT 2023
  **** SharedData Build 3865790 on Sun May 07 13:33:03 MDT 2023
    ** Copyright 1986-2022 Xilinx, Inc. All Rights Reserved.
    ** Copyright 2022-2023 Advanced Micro Devices, Inc. All Rights Reserved.

source system_wrapper.tcl -notrace
create_project: Time (s): cpu = 00:00:11 ; elapsed = 00:00:11 . Memory (MB): peak = 483.453 ; gain = 199.508
INFO: [IP_Flow 19-234] Refreshing IP repositories
INFO: [IP_Flow 19-1704] No user IP repositories specified
INFO: [IP_Flow 19-2313] Loaded Vivado IP repository 'C:/Xilinx/Vivado/2023.1/data/ip'.
add_files: Time (s): cpu = 00:00:05 ; elapsed = 00:00:07 . Memory (MB): peak = 565.211 ; gain = 81.758
Command: read_checkpoint -auto_incremental -incremental C:/Users/sMDT/Documents/GitHub/sMDT_fpga_arndt/Project/Ethernet/Ethernet.srcs/utils_1/imports/synth_1/system_wrapper.dcp
INFO: [Vivado 12-5825] Read reference checkpoint from C:/Users/sMDT/Documents/GitHub/sMDT_fpga_arndt/Project/Ethernet/Ethernet.srcs/utils_1/imports/synth_1/system_wrapper.dcp for incremental synthesis
INFO: [Vivado 12-7989] Please ensure there are no constraint changes
Command: synth_design -top system_wrapper -part xc7a100tcsg324-1
Starting synth_design
Attempting to get a license for feature 'Synthesis' and/or device 'xc7a100t'
INFO: [Common 17-349] Got license for feature 'Synthesis' and/or device 'xc7a100t'
INFO: [Device 21-403] Loading part xc7a100tcsg324-1
INFO: [Designutils 20-5440] No compile time benefit to using incremental synthesis; A full resynthesis will be run
INFO: [Designutils 20-4379] Flow is switching to default flow due to incremental criteria not met. If you would like to alter this behaviour and have the flow terminate instead, please set the following parameter config_implementation {autoIncr.Synth.RejectBehavior Terminate}
INFO: [Synth 8-7079] Multithreading enabled for synth_design using a maximum of 2 processes.
INFO: [Synth 8-7078] Launching helper process for spawning children vivado processes
INFO: [Synth 8-7075] Helper process launched with PID 10684
---------------------------------------------------------------------------------
Starting RTL Elaboration : Time (s): cpu = 00:00:07 ; elapsed = 00:00:07 . Memory (MB): peak = 1375.566 ; gain = 410.770
---------------------------------------------------------------------------------
INFO: [Synth 8-638] synthesizing module 'system_wrapper' [c:/Users/sMDT/Documents/GitHub/sMDT_fpga_arndt/Project/Ethernet/Ethernet.gen/sources_1/bd/system/hdl/system_wrapper.vhd:41]
INFO: [Synth 8-3491] module 'system' declared at 'c:/Users/sMDT/Documents/GitHub/sMDT_fpga_arndt/Project/Ethernet/Ethernet.gen/sources_1/bd/system/synth/system.vhd:3110' bound to instance 'system_i' of component 'system' [c:/Users/sMDT/Documents/GitHub/sMDT_fpga_arndt/Project/Ethernet/Ethernet.gen/sources_1/bd/system/hdl/system_wrapper.vhd:68]
INFO: [Synth 8-638] synthesizing module 'system' [c:/Users/sMDT/Documents/GitHub/sMDT_fpga_arndt/Project/Ethernet/Ethernet.gen/sources_1/bd/system/synth/system.vhd:3140]
INFO: [Synth 8-3491] module 'system_axi_gpio_0_0' declared at 'C:/Users/sMDT/Documents/GitHub/sMDT_fpga_arndt/Project/Ethernet/Ethernet.runs/synth_1/.Xil/Vivado-3984-DESKTOP-FCJ5MKD/realtime/system_axi_gpio_0_0_stub.vhdl:6' bound to instance 'axi_gpio_0' of component 'system_axi_gpio_0_0' [c:/Users/sMDT/Documents/GitHub/sMDT_fpga_arndt/Project/Ethernet/Ethernet.gen/sources_1/bd/system/synth/system.vhd:3717]
INFO: [Synth 8-638] synthesizing module 'system_axi_gpio_0_0' [C:/Users/sMDT/Documents/GitHub/sMDT_fpga_arndt/Project/Ethernet/Ethernet.runs/synth_1/.Xil/Vivado-3984-DESKTOP-FCJ5MKD/realtime/system_axi_gpio_0_0_stub.vhdl:32]
INFO: [Synth 8-3491] module 'system_axi_uartlite_0_0' declared at 'C:/Users/sMDT/Documents/GitHub/sMDT_fpga_arndt/Project/Ethernet/Ethernet.runs/synth_1/.Xil/Vivado-3984-DESKTOP-FCJ5MKD/realtime/system_axi_uartlite_0_0_stub.vhdl:6' bound to instance 'axi_uartlite_0' of component 'system_axi_uartlite_0_0' [c:/Users/sMDT/Documents/GitHub/sMDT_fpga_arndt/Project/Ethernet/Ethernet.gen/sources_1/bd/system/synth/system.vhd:3740]
INFO: [Synth 8-638] synthesizing module 'system_axi_uartlite_0_0' [C:/Users/sMDT/Documents/GitHub/sMDT_fpga_arndt/Project/Ethernet/Ethernet.runs/synth_1/.Xil/Vivado-3984-DESKTOP-FCJ5MKD/realtime/system_axi_uartlite_0_0_stub.vhdl:34]
INFO: [Synth 8-3491] module 'system_clk_wiz_0_0' declared at 'C:/Users/sMDT/Documents/GitHub/sMDT_fpga_arndt/Project/Ethernet/Ethernet.runs/synth_1/.Xil/Vivado-3984-DESKTOP-FCJ5MKD/realtime/system_clk_wiz_0_0_stub.vhdl:6' bound to instance 'clk_wiz_0' of component 'system_clk_wiz_0_0' [c:/Users/sMDT/Documents/GitHub/sMDT_fpga_arndt/Project/Ethernet/Ethernet.gen/sources_1/bd/system/synth/system.vhd:3765]
INFO: [Synth 8-638] synthesizing module 'system_clk_wiz_0_0' [C:/Users/sMDT/Documents/GitHub/sMDT_fpga_arndt/Project/Ethernet/Ethernet.runs/synth_1/.Xil/Vivado-3984-DESKTOP-FCJ5MKD/realtime/system_clk_wiz_0_0_stub.vhdl:17]
INFO: [Synth 8-3491] module 'system_mdm_1_0' declared at 'C:/Users/sMDT/Documents/GitHub/sMDT_fpga_arndt/Project/Ethernet/Ethernet.runs/synth_1/.Xil/Vivado-3984-DESKTOP-FCJ5MKD/realtime/system_mdm_1_0_stub.vhdl:6' bound to instance 'mdm_1' of component 'system_mdm_1_0' [c:/Users/sMDT/Documents/GitHub/sMDT_fpga_arndt/Project/Ethernet/Ethernet.gen/sources_1/bd/system/synth/system.vhd:3773]
INFO: [Synth 8-638] synthesizing module 'system_mdm_1_0' [C:/Users/sMDT/Documents/GitHub/sMDT_fpga_arndt/Project/Ethernet/Ethernet.runs/synth_1/.Xil/Vivado-3984-DESKTOP-FCJ5MKD/realtime/system_mdm_1_0_stub.vhdl:22]
INFO: [Synth 8-3491] module 'system_microblaze_0_0' declared at 'C:/Users/sMDT/Documents/GitHub/sMDT_fpga_arndt/Project/Ethernet/Ethernet.runs/synth_1/.Xil/Vivado-3984-DESKTOP-FCJ5MKD/realtime/system_microblaze_0_0_stub.vhdl:6' bound to instance 'microblaze_0' of component 'system_microblaze_0_0' [c:/Users/sMDT/Documents/GitHub/sMDT_fpga_arndt/Project/Ethernet/Ethernet.gen/sources_1/bd/system/synth/system.vhd:3786]
INFO: [Synth 8-638] synthesizing module 'system_microblaze_0_0' [C:/Users/sMDT/Documents/GitHub/sMDT_fpga_arndt/Project/Ethernet/Ethernet.runs/synth_1/.Xil/Vivado-3984-DESKTOP-FCJ5MKD/realtime/system_microblaze_0_0_stub.vhdl:138]
INFO: [Synth 8-638] synthesizing module 'microblaze_0_local_memory_imp_OGE0N8' [c:/Users/sMDT/Documents/GitHub/sMDT_fpga_arndt/Project/Ethernet/Ethernet.gen/sources_1/bd/system/synth/system.vhd:668]
INFO: [Synth 8-3491] module 'system_dlmb_bram_if_cntlr_0' declared at 'C:/Users/sMDT/Documents/GitHub/sMDT_fpga_arndt/Project/Ethernet/Ethernet.runs/synth_1/.Xil/Vivado-3984-DESKTOP-FCJ5MKD/realtime/system_dlmb_bram_if_cntlr_0_stub.vhdl:6' bound to instance 'dlmb_bram_if_cntlr' of component 'system_dlmb_bram_if_cntlr_0' [c:/Users/sMDT/Documents/GitHub/sMDT_fpga_arndt/Project/Ethernet/Ethernet.gen/sources_1/bd/system/synth/system.vhd:882]
INFO: [Synth 8-638] synthesizing module 'system_dlmb_bram_if_cntlr_0' [C:/Users/sMDT/Documents/GitHub/sMDT_fpga_arndt/Project/Ethernet/Ethernet.runs/synth_1/.Xil/Vivado-3984-DESKTOP-FCJ5MKD/realtime/system_dlmb_bram_if_cntlr_0_stub.vhdl:32]
INFO: [Synth 8-3491] module 'system_dlmb_v10_0' declared at 'C:/Users/sMDT/Documents/GitHub/sMDT_fpga_arndt/Project/Ethernet/Ethernet.runs/synth_1/.Xil/Vivado-3984-DESKTOP-FCJ5MKD/realtime/system_dlmb_v10_0_stub.vhdl:6' bound to instance 'dlmb_v10' of component 'system_dlmb_v10_0' [c:/Users/sMDT/Documents/GitHub/sMDT_fpga_arndt/Project/Ethernet/Ethernet.gen/sources_1/bd/system/synth/system.vhd:936]
INFO: [Synth 8-638] synthesizing module 'system_dlmb_v10_0' [C:/Users/sMDT/Documents/GitHub/sMDT_fpga_arndt/Project/Ethernet/Ethernet.runs/synth_1/.Xil/Vivado-3984-DESKTOP-FCJ5MKD/realtime/system_dlmb_v10_0_stub.vhdl:37]
INFO: [Synth 8-3491] module 'system_ilmb_bram_if_cntlr_0' declared at 'C:/Users/sMDT/Documents/GitHub/sMDT_fpga_arndt/Project/Ethernet/Ethernet.runs/synth_1/.Xil/Vivado-3984-DESKTOP-FCJ5MKD/realtime/system_ilmb_bram_if_cntlr_0_stub.vhdl:6' bound to instance 'ilmb_bram_if_cntlr' of component 'system_ilmb_bram_if_cntlr_0' [c:/Users/sMDT/Documents/GitHub/sMDT_fpga_arndt/Project/Ethernet/Ethernet.gen/sources_1/bd/system/synth/system.vhd:964]
INFO: [Synth 8-638] synthesizing module 'system_ilmb_bram_if_cntlr_0' [C:/Users/sMDT/Documents/GitHub/sMDT_fpga_arndt/Project/Ethernet/Ethernet.runs/synth_1/.Xil/Vivado-3984-DESKTOP-FCJ5MKD/realtime/system_ilmb_bram_if_cntlr_0_stub.vhdl:32]
INFO: [Synth 8-3491] module 'system_ilmb_v10_0' declared at 'C:/Users/sMDT/Documents/GitHub/sMDT_fpga_arndt/Project/Ethernet/Ethernet.runs/synth_1/.Xil/Vivado-3984-DESKTOP-FCJ5MKD/realtime/system_ilmb_v10_0_stub.vhdl:6' bound to instance 'ilmb_v10' of component 'system_ilmb_v10_0' [c:/Users/sMDT/Documents/GitHub/sMDT_fpga_arndt/Project/Ethernet/Ethernet.gen/sources_1/bd/system/synth/system.vhd:1018]
INFO: [Synth 8-638] synthesizing module 'system_ilmb_v10_0' [C:/Users/sMDT/Documents/GitHub/sMDT_fpga_arndt/Project/Ethernet/Ethernet.runs/synth_1/.Xil/Vivado-3984-DESKTOP-FCJ5MKD/realtime/system_ilmb_v10_0_stub.vhdl:37]
INFO: [Synth 8-3491] module 'system_lmb_bram_0' declared at 'C:/Users/sMDT/Documents/GitHub/sMDT_fpga_arndt/Project/Ethernet/Ethernet.runs/synth_1/.Xil/Vivado-3984-DESKTOP-FCJ5MKD/realtime/system_lmb_bram_0_stub.vhdl:6' bound to instance 'lmb_bram' of component 'system_lmb_bram_0' [c:/Users/sMDT/Documents/GitHub/sMDT_fpga_arndt/Project/Ethernet/Ethernet.gen/sources_1/bd/system/synth/system.vhd:1046]
INFO: [Synth 8-638] synthesizing module 'system_lmb_bram_0' [C:/Users/sMDT/Documents/GitHub/sMDT_fpga_arndt/Project/Ethernet/Ethernet.runs/synth_1/.Xil/Vivado-3984-DESKTOP-FCJ5MKD/realtime/system_lmb_bram_0_stub.vhdl:28]
INFO: [Synth 8-256] done synthesizing module 'microblaze_0_local_memory_imp_OGE0N8' (0#1) [c:/Users/sMDT/Documents/GitHub/sMDT_fpga_arndt/Project/Ethernet/Ethernet.gen/sources_1/bd/system/synth/system.vhd:668]
WARNING: [Synth 8-5640] Port 'app_sr_active' is missing in component declaration [c:/Users/sMDT/Documents/GitHub/sMDT_fpga_arndt/Project/Ethernet/Ethernet.gen/sources_1/bd/system/synth/system.vhd:3378]
WARNING: [Synth 8-5640] Port 'app_ref_ack' is missing in component declaration [c:/Users/sMDT/Documents/GitHub/sMDT_fpga_arndt/Project/Ethernet/Ethernet.gen/sources_1/bd/system/synth/system.vhd:3378]
WARNING: [Synth 8-5640] Port 'app_zq_ack' is missing in component declaration [c:/Users/sMDT/Documents/GitHub/sMDT_fpga_arndt/Project/Ethernet/Ethernet.gen/sources_1/bd/system/synth/system.vhd:3378]
WARNING: [Synth 8-5640] Port 'device_temp' is missing in component declaration [c:/Users/sMDT/Documents/GitHub/sMDT_fpga_arndt/Project/Ethernet/Ethernet.gen/sources_1/bd/system/synth/system.vhd:3378]
INFO: [Synth 8-3491] module 'system_mig_7series_0_1' declared at 'C:/Users/sMDT/Documents/GitHub/sMDT_fpga_arndt/Project/Ethernet/Ethernet.runs/synth_1/.Xil/Vivado-3984-DESKTOP-FCJ5MKD/realtime/system_mig_7series_0_1_stub.vhdl:6' bound to instance 'mig_7series_0' of component 'system_mig_7series_0_1' [c:/Users/sMDT/Documents/GitHub/sMDT_fpga_arndt/Project/Ethernet/Ethernet.gen/sources_1/bd/system/synth/system.vhd:3939]
INFO: [Synth 8-638] synthesizing module 'system_mig_7series_0_1' [C:/Users/sMDT/Documents/GitHub/sMDT_fpga_arndt/Project/Ethernet/Ethernet.runs/synth_1/.Xil/Vivado-3984-DESKTOP-FCJ5MKD/realtime/system_mig_7series_0_1_stub.vhdl:76]
INFO: [Synth 8-638] synthesizing module 'system_axi_interconnect_0_0' [c:/Users/sMDT/Documents/GitHub/sMDT_fpga_arndt/Project/Ethernet/Ethernet.gen/sources_1/bd/system/synth/system.vhd:1934]
INFO: [Synth 8-638] synthesizing module 'm00_couplers_imp_1IXYITN' [c:/Users/sMDT/Documents/GitHub/sMDT_fpga_arndt/Project/Ethernet/Ethernet.gen/sources_1/bd/system/synth/system.vhd:483]
INFO: [Synth 8-256] done synthesizing module 'm00_couplers_imp_1IXYITN' (0#1) [c:/Users/sMDT/Documents/GitHub/sMDT_fpga_arndt/Project/Ethernet/Ethernet.gen/sources_1/bd/system/synth/system.vhd:483]
INFO: [Synth 8-638] synthesizing module 'm01_couplers_imp_SZ25WA' [c:/Users/sMDT/Documents/GitHub/sMDT_fpga_arndt/Project/Ethernet/Ethernet.gen/sources_1/bd/system/synth/system.vhd:584]
INFO: [Synth 8-256] done synthesizing module 'm01_couplers_imp_SZ25WA' (0#1) [c:/Users/sMDT/Documents/GitHub/sMDT_fpga_arndt/Project/Ethernet/Ethernet.gen/sources_1/bd/system/synth/system.vhd:584]
INFO: [Synth 8-638] synthesizing module 's00_couplers_imp_1V0OVOA' [c:/Users/sMDT/Documents/GitHub/sMDT_fpga_arndt/Project/Ethernet/Ethernet.gen/sources_1/bd/system/synth/system.vhd:1618]
INFO: [Synth 8-256] done synthesizing module 's00_couplers_imp_1V0OVOA' (0#1) [c:/Users/sMDT/Documents/GitHub/sMDT_fpga_arndt/Project/Ethernet/Ethernet.gen/sources_1/bd/system/synth/system.vhd:1618]
INFO: [Synth 8-3491] module 'system_xbar_0' declared at 'C:/Users/sMDT/Documents/GitHub/sMDT_fpga_arndt/Project/Ethernet/Ethernet.runs/synth_1/.Xil/Vivado-3984-DESKTOP-FCJ5MKD/realtime/system_xbar_0_stub.vhdl:6' bound to instance 'xbar' of component 'system_xbar_0' [c:/Users/sMDT/Documents/GitHub/sMDT_fpga_arndt/Project/Ethernet/Ethernet.gen/sources_1/bd/system/synth/system.vhd:2272]
INFO: [Synth 8-638] synthesizing module 'system_xbar_0' [C:/Users/sMDT/Documents/GitHub/sMDT_fpga_arndt/Project/Ethernet/Ethernet.runs/synth_1/.Xil/Vivado-3984-DESKTOP-FCJ5MKD/realtime/system_xbar_0_stub.vhdl:52]
INFO: [Synth 8-256] done synthesizing module 'system_axi_interconnect_0_0' (0#1) [c:/Users/sMDT/Documents/GitHub/sMDT_fpga_arndt/Project/Ethernet/Ethernet.gen/sources_1/bd/system/synth/system.vhd:1934]
INFO: [Synth 8-638] synthesizing module 'system_axi_interconnect_1_0' [c:/Users/sMDT/Documents/GitHub/sMDT_fpga_arndt/Project/Ethernet/Ethernet.gen/sources_1/bd/system/synth/system.vhd:2435]
INFO: [Synth 8-638] synthesizing module 'm00_couplers_imp_1BF02GK' [c:/Users/sMDT/Documents/GitHub/sMDT_fpga_arndt/Project/Ethernet/Ethernet.gen/sources_1/bd/system/synth/system.vhd:100]
INFO: [Synth 8-3491] module 'system_auto_cc_0' declared at 'C:/Users/sMDT/Documents/GitHub/sMDT_fpga_arndt/Project/Ethernet/Ethernet.runs/synth_1/.Xil/Vivado-3984-DESKTOP-FCJ5MKD/realtime/system_auto_cc_0_stub.vhdl:6' bound to instance 'auto_cc' of component 'system_auto_cc_0' [c:/Users/sMDT/Documents/GitHub/sMDT_fpga_arndt/Project/Ethernet/Ethernet.gen/sources_1/bd/system/synth/system.vhd:350]
INFO: [Synth 8-638] synthesizing module 'system_auto_cc_0' [C:/Users/sMDT/Documents/GitHub/sMDT_fpga_arndt/Project/Ethernet/Ethernet.runs/synth_1/.Xil/Vivado-3984-DESKTOP-FCJ5MKD/realtime/system_auto_cc_0_stub.vhdl:94]
INFO: [Synth 8-256] done synthesizing module 'm00_couplers_imp_1BF02GK' (0#1) [c:/Users/sMDT/Documents/GitHub/sMDT_fpga_arndt/Project/Ethernet/Ethernet.gen/sources_1/bd/system/synth/system.vhd:100]
INFO: [Synth 8-638] synthesizing module 's00_couplers_imp_17OECBP' [c:/Users/sMDT/Documents/GitHub/sMDT_fpga_arndt/Project/Ethernet/Ethernet.gen/sources_1/bd/system/synth/system.vhd:1275]
INFO: [Synth 8-3491] module 'system_auto_us_0' declared at 'C:/Users/sMDT/Documents/GitHub/sMDT_fpga_arndt/Project/Ethernet/Ethernet.runs/synth_1/.Xil/Vivado-3984-DESKTOP-FCJ5MKD/realtime/system_auto_us_0_stub.vhdl:6' bound to instance 'auto_us' of component 'system_auto_us_0' [c:/Users/sMDT/Documents/GitHub/sMDT_fpga_arndt/Project/Ethernet/Ethernet.gen/sources_1/bd/system/synth/system.vhd:1491]
INFO: [Synth 8-638] synthesizing module 'system_auto_us_0' [C:/Users/sMDT/Documents/GitHub/sMDT_fpga_arndt/Project/Ethernet/Ethernet.runs/synth_1/.Xil/Vivado-3984-DESKTOP-FCJ5MKD/realtime/system_auto_us_0_stub.vhdl:84]
INFO: [Synth 8-256] done synthesizing module 's00_couplers_imp_17OECBP' (0#1) [c:/Users/sMDT/Documents/GitHub/sMDT_fpga_arndt/Project/Ethernet/Ethernet.gen/sources_1/bd/system/synth/system.vhd:1275]
INFO: [Synth 8-638] synthesizing module 's01_couplers_imp_E5IHYS' [c:/Users/sMDT/Documents/GitHub/sMDT_fpga_arndt/Project/Ethernet/Ethernet.gen/sources_1/bd/system/synth/system.vhd:1721]
INFO: [Synth 8-3491] module 'system_auto_us_1' declared at 'C:/Users/sMDT/Documents/GitHub/sMDT_fpga_arndt/Project/Ethernet/Ethernet.runs/synth_1/.Xil/Vivado-3984-DESKTOP-FCJ5MKD/realtime/system_auto_us_1_stub.vhdl:6' bound to instance 'auto_us' of component 'system_auto_us_1' [c:/Users/sMDT/Documents/GitHub/sMDT_fpga_arndt/Project/Ethernet/Ethernet.gen/sources_1/bd/system/synth/system.vhd:1826]
INFO: [Synth 8-638] synthesizing module 'system_auto_us_1' [C:/Users/sMDT/Documents/GitHub/sMDT_fpga_arndt/Project/Ethernet/Ethernet.runs/synth_1/.Xil/Vivado-3984-DESKTOP-FCJ5MKD/realtime/system_auto_us_1_stub.vhdl:46]
INFO: [Synth 8-256] done synthesizing module 's01_couplers_imp_E5IHYS' (0#1) [c:/Users/sMDT/Documents/GitHub/sMDT_fpga_arndt/Project/Ethernet/Ethernet.gen/sources_1/bd/system/synth/system.vhd:1721]
INFO: [Synth 8-3491] module 'system_xbar_1' declared at 'C:/Users/sMDT/Documents/GitHub/sMDT_fpga_arndt/Project/Ethernet/Ethernet.runs/synth_1/.Xil/Vivado-3984-DESKTOP-FCJ5MKD/realtime/system_xbar_1_stub.vhdl:6' bound to instance 'xbar' of component 'system_xbar_1' [c:/Users/sMDT/Documents/GitHub/sMDT_fpga_arndt/Project/Ethernet/Ethernet.gen/sources_1/bd/system/synth/system.vhd:2991]
INFO: [Synth 8-638] synthesizing module 'system_xbar_1' [C:/Users/sMDT/Documents/GitHub/sMDT_fpga_arndt/Project/Ethernet/Ethernet.runs/synth_1/.Xil/Vivado-3984-DESKTOP-FCJ5MKD/realtime/system_xbar_1_stub.vhdl:90]
INFO: [Synth 8-256] done synthesizing module 'system_axi_interconnect_1_0' (0#1) [c:/Users/sMDT/Documents/GitHub/sMDT_fpga_arndt/Project/Ethernet/Ethernet.gen/sources_1/bd/system/synth/system.vhd:2435]
INFO: [Synth 8-3491] module 'system_rst_clk_wiz_0_200M_0' declared at 'C:/Users/sMDT/Documents/GitHub/sMDT_fpga_arndt/Project/Ethernet/Ethernet.runs/synth_1/.Xil/Vivado-3984-DESKTOP-FCJ5MKD/realtime/system_rst_clk_wiz_0_200M_0_stub.vhdl:6' bound to instance 'rst_clk_wiz_0_200M' of component 'system_rst_clk_wiz_0_200M_0' [c:/Users/sMDT/Documents/GitHub/sMDT_fpga_arndt/Project/Ethernet/Ethernet.gen/sources_1/bd/system/synth/system.vhd:4162]
INFO: [Synth 8-638] synthesizing module 'system_rst_clk_wiz_0_200M_0' [C:/Users/sMDT/Documents/GitHub/sMDT_fpga_arndt/Project/Ethernet/Ethernet.runs/synth_1/.Xil/Vivado-3984-DESKTOP-FCJ5MKD/realtime/system_rst_clk_wiz_0_200M_0_stub.vhdl:22]
INFO: [Synth 8-3491] module 'system_rst_mig_7series_0_155M_0' declared at 'C:/Users/sMDT/Documents/GitHub/sMDT_fpga_arndt/Project/Ethernet/Ethernet.runs/synth_1/.Xil/Vivado-3984-DESKTOP-FCJ5MKD/realtime/system_rst_mig_7series_0_155M_0_stub.vhdl:6' bound to instance 'rst_mig_7series_0_155M' of component 'system_rst_mig_7series_0_155M_0' [c:/Users/sMDT/Documents/GitHub/sMDT_fpga_arndt/Project/Ethernet/Ethernet.gen/sources_1/bd/system/synth/system.vhd:4175]
INFO: [Synth 8-638] synthesizing module 'system_rst_mig_7series_0_155M_0' [C:/Users/sMDT/Documents/GitHub/sMDT_fpga_arndt/Project/Ethernet/Ethernet.runs/synth_1/.Xil/Vivado-3984-DESKTOP-FCJ5MKD/realtime/system_rst_mig_7series_0_155M_0_stub.vhdl:22]
INFO: [Synth 8-3491] module 'system_util_ds_buf_0_0' declared at 'C:/Users/sMDT/Documents/GitHub/sMDT_fpga_arndt/Project/Ethernet/Ethernet.runs/synth_1/.Xil/Vivado-3984-DESKTOP-FCJ5MKD/realtime/system_util_ds_buf_0_0_stub.vhdl:6' bound to instance 'util_ds_buf_0' of component 'system_util_ds_buf_0_0' [c:/Users/sMDT/Documents/GitHub/sMDT_fpga_arndt/Project/Ethernet/Ethernet.gen/sources_1/bd/system/synth/system.vhd:4188]
INFO: [Synth 8-638] synthesizing module 'system_util_ds_buf_0_0' [C:/Users/sMDT/Documents/GitHub/sMDT_fpga_arndt/Project/Ethernet/Ethernet.runs/synth_1/.Xil/Vivado-3984-DESKTOP-FCJ5MKD/realtime/system_util_ds_buf_0_0_stub.vhdl:14]
INFO: [Synth 8-256] done synthesizing module 'system' (0#1) [c:/Users/sMDT/Documents/GitHub/sMDT_fpga_arndt/Project/Ethernet/Ethernet.gen/sources_1/bd/system/synth/system.vhd:3140]
INFO: [Synth 8-256] done synthesizing module 'system_wrapper' (0#1) [c:/Users/sMDT/Documents/GitHub/sMDT_fpga_arndt/Project/Ethernet/Ethernet.gen/sources_1/bd/system/hdl/system_wrapper.vhd:41]
WARNING: [Synth 8-7129] Port M_ACLK in module s01_couplers_imp_E5IHYS is either unconnected or has no load
WARNING: [Synth 8-7129] Port M_ARESETN in module s01_couplers_imp_E5IHYS is either unconnected or has no load
WARNING: [Synth 8-7129] Port M_ACLK in module s00_couplers_imp_17OECBP is either unconnected or has no load
WARNING: [Synth 8-7129] Port M_ARESETN in module s00_couplers_imp_17OECBP is either unconnected or has no load
WARNING: [Synth 8-7129] Port S_AXI_araddr[31] in module m00_couplers_imp_1BF02GK is either unconnected or has no load
WARNING: [Synth 8-7129] Port S_AXI_araddr[30] in module m00_couplers_imp_1BF02GK is either unconnected or has no load
WARNING: [Synth 8-7129] Port S_AXI_araddr[29] in module m00_couplers_imp_1BF02GK is either unconnected or has no load
WARNING: [Synth 8-7129] Port S_AXI_araddr[28] in module m00_couplers_imp_1BF02GK is either unconnected or has no load
WARNING: [Synth 8-7129] Port S_AXI_awaddr[31] in module m00_couplers_imp_1BF02GK is either unconnected or has no load
WARNING: [Synth 8-7129] Port S_AXI_awaddr[30] in module m00_couplers_imp_1BF02GK is either unconnected or has no load
WARNING: [Synth 8-7129] Port S_AXI_awaddr[29] in module m00_couplers_imp_1BF02GK is either unconnected or has no load
WARNING: [Synth 8-7129] Port S_AXI_awaddr[28] in module m00_couplers_imp_1BF02GK is either unconnected or has no load
WARNING: [Synth 8-7129] Port M_ACLK in module s00_couplers_imp_1V0OVOA is either unconnected or has no load
WARNING: [Synth 8-7129] Port M_ARESETN in module s00_couplers_imp_1V0OVOA is either unconnected or has no load
WARNING: [Synth 8-7129] Port S_ACLK in module s00_couplers_imp_1V0OVOA is either unconnected or has no load
WARNING: [Synth 8-7129] Port S_ARESETN in module s00_couplers_imp_1V0OVOA is either unconnected or has no load
WARNING: [Synth 8-7129] Port M_ACLK in module m01_couplers_imp_SZ25WA is either unconnected or has no load
WARNING: [Synth 8-7129] Port M_ARESETN in module m01_couplers_imp_SZ25WA is either unconnected or has no load
WARNING: [Synth 8-7129] Port S_ACLK in module m01_couplers_imp_SZ25WA is either unconnected or has no load
WARNING: [Synth 8-7129] Port S_ARESETN in module m01_couplers_imp_SZ25WA is either unconnected or has no load
WARNING: [Synth 8-7129] Port M_ACLK in module m00_couplers_imp_1IXYITN is either unconnected or has no load
WARNING: [Synth 8-7129] Port M_ARESETN in module m00_couplers_imp_1IXYITN is either unconnected or has no load
WARNING: [Synth 8-7129] Port S_ACLK in module m00_couplers_imp_1IXYITN is either unconnected or has no load
WARNING: [Synth 8-7129] Port S_ARESETN in module m00_couplers_imp_1IXYITN is either unconnected or has no load
WARNING: [Synth 8-7129] Port M00_ACLK in module system_axi_interconnect_0_0 is either unconnected or has no load
WARNING: [Synth 8-7129] Port M00_ARESETN in module system_axi_interconnect_0_0 is either unconnected or has no load
WARNING: [Synth 8-7129] Port M01_ACLK in module system_axi_interconnect_0_0 is either unconnected or has no load
WARNING: [Synth 8-7129] Port M01_ARESETN in module system_axi_interconnect_0_0 is either unconnected or has no load
WARNING: [Synth 8-7129] Port S00_ACLK in module system_axi_interconnect_0_0 is either unconnected or has no load
WARNING: [Synth 8-7129] Port S00_ARESETN in module system_axi_interconnect_0_0 is either unconnected or has no load
---------------------------------------------------------------------------------
Finished RTL Elaboration : Time (s): cpu = 00:00:10 ; elapsed = 00:00:11 . Memory (MB): peak = 1481.957 ; gain = 517.160
---------------------------------------------------------------------------------
---------------------------------------------------------------------------------
Start Handling Custom Attributes
---------------------------------------------------------------------------------
---------------------------------------------------------------------------------
Finished Handling Custom Attributes : Time (s): cpu = 00:00:11 ; elapsed = 00:00:11 . Memory (MB): peak = 1481.957 ; gain = 517.160
---------------------------------------------------------------------------------
---------------------------------------------------------------------------------
Finished RTL Optimization Phase 1 : Time (s): cpu = 00:00:11 ; elapsed = 00:00:11 . Memory (MB): peak = 1481.957 ; gain = 517.160
---------------------------------------------------------------------------------
Netlist sorting complete. Time (s): cpu = 00:00:00 ; elapsed = 00:00:00.072 . Memory (MB): peak = 1481.957 ; gain = 0.000
INFO: [Project 1-570] Preparing netlist for logic optimization

Processing XDC Constraints
Initializing timing engine
Parsing XDC File [c:/Users/sMDT/Documents/GitHub/sMDT_fpga_arndt/Project/Ethernet/Ethernet.gen/sources_1/bd/system/ip/system_util_ds_buf_0_0/system_util_ds_buf_0_0/system_util_ds_buf_0_0_in_context.xdc] for cell 'system_i/util_ds_buf_0'
Finished Parsing XDC File [c:/Users/sMDT/Documents/GitHub/sMDT_fpga_arndt/Project/Ethernet/Ethernet.gen/sources_1/bd/system/ip/system_util_ds_buf_0_0/system_util_ds_buf_0_0/system_util_ds_buf_0_0_in_context.xdc] for cell 'system_i/util_ds_buf_0'
Parsing XDC File [c:/Users/sMDT/Documents/GitHub/sMDT_fpga_arndt/Project/Ethernet/Ethernet.gen/sources_1/bd/system/ip/system_clk_wiz_0_0/system_clk_wiz_0_0/system_clk_wiz_0_0_in_context.xdc] for cell 'system_i/clk_wiz_0'
Finished Parsing XDC File [c:/Users/sMDT/Documents/GitHub/sMDT_fpga_arndt/Project/Ethernet/Ethernet.gen/sources_1/bd/system/ip/system_clk_wiz_0_0/system_clk_wiz_0_0/system_clk_wiz_0_0_in_context.xdc] for cell 'system_i/clk_wiz_0'
Parsing XDC File [c:/Users/sMDT/Documents/GitHub/sMDT_fpga_arndt/Project/Ethernet/Ethernet.gen/sources_1/bd/system/ip/system_axi_uartlite_0_0/system_axi_uartlite_0_0/system_axi_uartlite_0_0_in_context.xdc] for cell 'system_i/axi_uartlite_0'
Finished Parsing XDC File [c:/Users/sMDT/Documents/GitHub/sMDT_fpga_arndt/Project/Ethernet/Ethernet.gen/sources_1/bd/system/ip/system_axi_uartlite_0_0/system_axi_uartlite_0_0/system_axi_uartlite_0_0_in_context.xdc] for cell 'system_i/axi_uartlite_0'
Parsing XDC File [c:/Users/sMDT/Documents/GitHub/sMDT_fpga_arndt/Project/Ethernet/Ethernet.gen/sources_1/bd/system/ip/system_axi_gpio_0_0/system_axi_gpio_0_0/system_axi_gpio_0_0_in_context.xdc] for cell 'system_i/axi_gpio_0'
Finished Parsing XDC File [c:/Users/sMDT/Documents/GitHub/sMDT_fpga_arndt/Project/Ethernet/Ethernet.gen/sources_1/bd/system/ip/system_axi_gpio_0_0/system_axi_gpio_0_0/system_axi_gpio_0_0_in_context.xdc] for cell 'system_i/axi_gpio_0'
Parsing XDC File [c:/Users/sMDT/Documents/GitHub/sMDT_fpga_arndt/Project/Ethernet/Ethernet.gen/sources_1/bd/system/ip/system_microblaze_0_0/system_microblaze_0_0/system_microblaze_0_0_in_context.xdc] for cell 'system_i/microblaze_0'
Finished Parsing XDC File [c:/Users/sMDT/Documents/GitHub/sMDT_fpga_arndt/Project/Ethernet/Ethernet.gen/sources_1/bd/system/ip/system_microblaze_0_0/system_microblaze_0_0/system_microblaze_0_0_in_context.xdc] for cell 'system_i/microblaze_0'
Parsing XDC File [c:/Users/sMDT/Documents/GitHub/sMDT_fpga_arndt/Project/Ethernet/Ethernet.gen/sources_1/bd/system/ip/system_dlmb_v10_0/system_dlmb_v10_0/system_dlmb_v10_0_in_context.xdc] for cell 'system_i/microblaze_0_local_memory/dlmb_v10'
Finished Parsing XDC File [c:/Users/sMDT/Documents/GitHub/sMDT_fpga_arndt/Project/Ethernet/Ethernet.gen/sources_1/bd/system/ip/system_dlmb_v10_0/system_dlmb_v10_0/system_dlmb_v10_0_in_context.xdc] for cell 'system_i/microblaze_0_local_memory/dlmb_v10'
Parsing XDC File [c:/Users/sMDT/Documents/GitHub/sMDT_fpga_arndt/Project/Ethernet/Ethernet.gen/sources_1/bd/system/ip/system_ilmb_v10_0/system_ilmb_v10_0/system_dlmb_v10_0_in_context.xdc] for cell 'system_i/microblaze_0_local_memory/ilmb_v10'
Finished Parsing XDC File [c:/Users/sMDT/Documents/GitHub/sMDT_fpga_arndt/Project/Ethernet/Ethernet.gen/sources_1/bd/system/ip/system_ilmb_v10_0/system_ilmb_v10_0/system_dlmb_v10_0_in_context.xdc] for cell 'system_i/microblaze_0_local_memory/ilmb_v10'
Parsing XDC File [c:/Users/sMDT/Documents/GitHub/sMDT_fpga_arndt/Project/Ethernet/Ethernet.gen/sources_1/bd/system/ip/system_dlmb_bram_if_cntlr_0/system_dlmb_bram_if_cntlr_0/system_dlmb_bram_if_cntlr_0_in_context.xdc] for cell 'system_i/microblaze_0_local_memory/dlmb_bram_if_cntlr'
Finished Parsing XDC File [c:/Users/sMDT/Documents/GitHub/sMDT_fpga_arndt/Project/Ethernet/Ethernet.gen/sources_1/bd/system/ip/system_dlmb_bram_if_cntlr_0/system_dlmb_bram_if_cntlr_0/system_dlmb_bram_if_cntlr_0_in_context.xdc] for cell 'system_i/microblaze_0_local_memory/dlmb_bram_if_cntlr'
Parsing XDC File [c:/Users/sMDT/Documents/GitHub/sMDT_fpga_arndt/Project/Ethernet/Ethernet.gen/sources_1/bd/system/ip/system_ilmb_bram_if_cntlr_0/system_ilmb_bram_if_cntlr_0/system_ilmb_bram_if_cntlr_0_in_context.xdc] for cell 'system_i/microblaze_0_local_memory/ilmb_bram_if_cntlr'
Finished Parsing XDC File [c:/Users/sMDT/Documents/GitHub/sMDT_fpga_arndt/Project/Ethernet/Ethernet.gen/sources_1/bd/system/ip/system_ilmb_bram_if_cntlr_0/system_ilmb_bram_if_cntlr_0/system_ilmb_bram_if_cntlr_0_in_context.xdc] for cell 'system_i/microblaze_0_local_memory/ilmb_bram_if_cntlr'
Parsing XDC File [c:/Users/sMDT/Documents/GitHub/sMDT_fpga_arndt/Project/Ethernet/Ethernet.gen/sources_1/bd/system/ip/system_lmb_bram_0/system_lmb_bram_0/system_lmb_bram_0_in_context.xdc] for cell 'system_i/microblaze_0_local_memory/lmb_bram'
Finished Parsing XDC File [c:/Users/sMDT/Documents/GitHub/sMDT_fpga_arndt/Project/Ethernet/Ethernet.gen/sources_1/bd/system/ip/system_lmb_bram_0/system_lmb_bram_0/system_lmb_bram_0_in_context.xdc] for cell 'system_i/microblaze_0_local_memory/lmb_bram'
Parsing XDC File [c:/Users/sMDT/Documents/GitHub/sMDT_fpga_arndt/Project/Ethernet/Ethernet.gen/sources_1/bd/system/ip/system_mdm_1_0/system_mdm_1_0/system_mdm_1_0_in_context.xdc] for cell 'system_i/mdm_1'
Finished Parsing XDC File [c:/Users/sMDT/Documents/GitHub/sMDT_fpga_arndt/Project/Ethernet/Ethernet.gen/sources_1/bd/system/ip/system_mdm_1_0/system_mdm_1_0/system_mdm_1_0_in_context.xdc] for cell 'system_i/mdm_1'
Parsing XDC File [c:/Users/sMDT/Documents/GitHub/sMDT_fpga_arndt/Project/Ethernet/Ethernet.gen/sources_1/bd/system/ip/system_rst_clk_wiz_0_200M_0/system_rst_clk_wiz_0_200M_0/system_rst_clk_wiz_0_200M_0_in_context.xdc] for cell 'system_i/rst_clk_wiz_0_200M'
Finished Parsing XDC File [c:/Users/sMDT/Documents/GitHub/sMDT_fpga_arndt/Project/Ethernet/Ethernet.gen/sources_1/bd/system/ip/system_rst_clk_wiz_0_200M_0/system_rst_clk_wiz_0_200M_0/system_rst_clk_wiz_0_200M_0_in_context.xdc] for cell 'system_i/rst_clk_wiz_0_200M'
Parsing XDC File [c:/Users/sMDT/Documents/GitHub/sMDT_fpga_arndt/Project/Ethernet/Ethernet.gen/sources_1/bd/system/ip/system_xbar_0/system_xbar_0/system_xbar_0_in_context.xdc] for cell 'system_i/perif_interconnect/xbar'
Finished Parsing XDC File [c:/Users/sMDT/Documents/GitHub/sMDT_fpga_arndt/Project/Ethernet/Ethernet.gen/sources_1/bd/system/ip/system_xbar_0/system_xbar_0/system_xbar_0_in_context.xdc] for cell 'system_i/perif_interconnect/xbar'
Parsing XDC File [c:/Users/sMDT/Documents/GitHub/sMDT_fpga_arndt/Project/Ethernet/Ethernet.gen/sources_1/bd/system/ip/system_xbar_1/system_xbar_1/system_xbar_1_in_context.xdc] for cell 'system_i/ram_interconnect/xbar'
Finished Parsing XDC File [c:/Users/sMDT/Documents/GitHub/sMDT_fpga_arndt/Project/Ethernet/Ethernet.gen/sources_1/bd/system/ip/system_xbar_1/system_xbar_1/system_xbar_1_in_context.xdc] for cell 'system_i/ram_interconnect/xbar'
Parsing XDC File [c:/Users/sMDT/Documents/GitHub/sMDT_fpga_arndt/Project/Ethernet/Ethernet.gen/sources_1/bd/system/ip/system_auto_us_0/system_auto_us_0/system_auto_us_0_in_context.xdc] for cell 'system_i/ram_interconnect/s00_couplers/auto_us'
Finished Parsing XDC File [c:/Users/sMDT/Documents/GitHub/sMDT_fpga_arndt/Project/Ethernet/Ethernet.gen/sources_1/bd/system/ip/system_auto_us_0/system_auto_us_0/system_auto_us_0_in_context.xdc] for cell 'system_i/ram_interconnect/s00_couplers/auto_us'
Parsing XDC File [c:/Users/sMDT/Documents/GitHub/sMDT_fpga_arndt/Project/Ethernet/Ethernet.gen/sources_1/bd/system/ip/system_auto_us_1/system_auto_us_1/system_auto_us_1_in_context.xdc] for cell 'system_i/ram_interconnect/s01_couplers/auto_us'
Finished Parsing XDC File [c:/Users/sMDT/Documents/GitHub/sMDT_fpga_arndt/Project/Ethernet/Ethernet.gen/sources_1/bd/system/ip/system_auto_us_1/system_auto_us_1/system_auto_us_1_in_context.xdc] for cell 'system_i/ram_interconnect/s01_couplers/auto_us'
Parsing XDC File [c:/Users/sMDT/Documents/GitHub/sMDT_fpga_arndt/Project/Ethernet/Ethernet.gen/sources_1/bd/system/ip/system_auto_cc_0/system_auto_cc_0/system_auto_cc_0_in_context.xdc] for cell 'system_i/ram_interconnect/m00_couplers/auto_cc'
Finished Parsing XDC File [c:/Users/sMDT/Documents/GitHub/sMDT_fpga_arndt/Project/Ethernet/Ethernet.gen/sources_1/bd/system/ip/system_auto_cc_0/system_auto_cc_0/system_auto_cc_0_in_context.xdc] for cell 'system_i/ram_interconnect/m00_couplers/auto_cc'
Parsing XDC File [c:/Users/sMDT/Documents/GitHub/sMDT_fpga_arndt/Project/Ethernet/Ethernet.gen/sources_1/bd/system/ip/system_rst_mig_7series_0_155M_0/system_rst_mig_7series_0_155M_0/system_rst_mig_7series_0_155M_0_in_context.xdc] for cell 'system_i/rst_mig_7series_0_155M'
Finished Parsing XDC File [c:/Users/sMDT/Documents/GitHub/sMDT_fpga_arndt/Project/Ethernet/Ethernet.gen/sources_1/bd/system/ip/system_rst_mig_7series_0_155M_0/system_rst_mig_7series_0_155M_0/system_rst_mig_7series_0_155M_0_in_context.xdc] for cell 'system_i/rst_mig_7series_0_155M'
Parsing XDC File [c:/Users/sMDT/Documents/GitHub/sMDT_fpga_arndt/Project/Ethernet/Ethernet.gen/sources_1/bd/system/ip/system_mig_7series_0_1/system_mig_7series_0_1/system_mig_7series_0_1_in_context.xdc] for cell 'system_i/mig_7series_0'
Finished Parsing XDC File [c:/Users/sMDT/Documents/GitHub/sMDT_fpga_arndt/Project/Ethernet/Ethernet.gen/sources_1/bd/system/ip/system_mig_7series_0_1/system_mig_7series_0_1/system_mig_7series_0_1_in_context.xdc] for cell 'system_i/mig_7series_0'
Parsing XDC File [C:/Users/sMDT/Downloads/Arty-A7-100-Master.xdc]
Finished Parsing XDC File [C:/Users/sMDT/Downloads/Arty-A7-100-Master.xdc]
INFO: [Project 1-236] Implementation specific constraints were found while reading constraint file [C:/Users/sMDT/Downloads/Arty-A7-100-Master.xdc]. These constraints will be ignored for synthesis but will be used in implementation. Impacted constraints are listed in the file [.Xil/system_wrapper_propImpl.xdc].
Resolution: To avoid this warning, move constraints listed in [.Xil/system_wrapper_propImpl.xdc] to another XDC file and exclude this new file from synthesis with the used_in_synthesis property (File Properties dialog in GUI) and re-run elaboration/synthesis.
Parsing XDC File [C:/Users/sMDT/Documents/GitHub/sMDT_fpga_arndt/Project/Ethernet/Ethernet.runs/synth_1/dont_touch.xdc]
Finished Parsing XDC File [C:/Users/sMDT/Documents/GitHub/sMDT_fpga_arndt/Project/Ethernet/Ethernet.runs/synth_1/dont_touch.xdc]
Completed Processing XDC Constraints

Netlist sorting complete. Time (s): cpu = 00:00:00 ; elapsed = 00:00:00 . Memory (MB): peak = 1500.340 ; gain = 0.000
INFO: [Project 1-111] Unisim Transformation Summary:
No Unisim elements were transformed.

Constraint Validation Runtime : Time (s): cpu = 00:00:00 ; elapsed = 00:00:00.009 . Memory (MB): peak = 1500.340 ; gain = 0.000
WARNING: [Timing 38-316] Clock period '20.000' specified during out-of-context synthesis of instance 'system_i/microblaze_0_local_memory/lmb_bram' at clock pin 'clka' is different from the actual clock period '5.000', this can lead to different synthesis results.
INFO: [Designutils 20-5440] No compile time benefit to using incremental synthesis; A full resynthesis will be run
INFO: [Designutils 20-4379] Flow is switching to default flow due to incremental criteria not met. If you would like to alter this behaviour and have the flow terminate instead, please set the following parameter config_implementation {autoIncr.Synth.RejectBehavior Terminate}
---------------------------------------------------------------------------------
Finished Constraint Validation : Time (s): cpu = 00:00:21 ; elapsed = 00:00:21 . Memory (MB): peak = 1500.352 ; gain = 535.555
---------------------------------------------------------------------------------
---------------------------------------------------------------------------------
Start Loading Part and Timing Information
---------------------------------------------------------------------------------
Loading part: xc7a100tcsg324-1
---------------------------------------------------------------------------------
Finished Loading Part and Timing Information : Time (s): cpu = 00:00:21 ; elapsed = 00:00:21 . Memory (MB): peak = 1500.352 ; gain = 535.555
---------------------------------------------------------------------------------
---------------------------------------------------------------------------------
Start Applying 'set_property' XDC Constraints
---------------------------------------------------------------------------------
Applied set_property IO_BUFFER_TYPE = NONE for ddr3_sdram_0_addr[0]. (constraint file  c:/Users/sMDT/Documents/GitHub/sMDT_fpga_arndt/Project/Ethernet/Ethernet.gen/sources_1/bd/system/ip/system_mig_7series_0_1/system_mig_7series_0_1/system_mig_7series_0_1_in_context.xdc, line 2).
Applied set_property CLOCK_BUFFER_TYPE = NONE for ddr3_sdram_0_addr[0]. (constraint file  c:/Users/sMDT/Documents/GitHub/sMDT_fpga_arndt/Project/Ethernet/Ethernet.gen/sources_1/bd/system/ip/system_mig_7series_0_1/system_mig_7series_0_1/system_mig_7series_0_1_in_context.xdc, line 3).
Applied set_property IO_BUFFER_TYPE = NONE for ddr3_sdram_0_addr[10]. (constraint file  c:/Users/sMDT/Documents/GitHub/sMDT_fpga_arndt/Project/Ethernet/Ethernet.gen/sources_1/bd/system/ip/system_mig_7series_0_1/system_mig_7series_0_1/system_mig_7series_0_1_in_context.xdc, line 4).
Applied set_property CLOCK_BUFFER_TYPE = NONE for ddr3_sdram_0_addr[10]. (constraint file  c:/Users/sMDT/Documents/GitHub/sMDT_fpga_arndt/Project/Ethernet/Ethernet.gen/sources_1/bd/system/ip/system_mig_7series_0_1/system_mig_7series_0_1/system_mig_7series_0_1_in_context.xdc, line 5).
Applied set_property IO_BUFFER_TYPE = NONE for ddr3_sdram_0_addr[11]. (constraint file  c:/Users/sMDT/Documents/GitHub/sMDT_fpga_arndt/Project/Ethernet/Ethernet.gen/sources_1/bd/system/ip/system_mig_7series_0_1/system_mig_7series_0_1/system_mig_7series_0_1_in_context.xdc, line 6).
Applied set_property CLOCK_BUFFER_TYPE = NONE for ddr3_sdram_0_addr[11]. (constraint file  c:/Users/sMDT/Documents/GitHub/sMDT_fpga_arndt/Project/Ethernet/Ethernet.gen/sources_1/bd/system/ip/system_mig_7series_0_1/system_mig_7series_0_1/system_mig_7series_0_1_in_context.xdc, line 7).
Applied set_property IO_BUFFER_TYPE = NONE for ddr3_sdram_0_addr[12]. (constraint file  c:/Users/sMDT/Documents/GitHub/sMDT_fpga_arndt/Project/Ethernet/Ethernet.gen/sources_1/bd/system/ip/system_mig_7series_0_1/system_mig_7series_0_1/system_mig_7series_0_1_in_context.xdc, line 8).
Applied set_property CLOCK_BUFFER_TYPE = NONE for ddr3_sdram_0_addr[12]. (constraint file  c:/Users/sMDT/Documents/GitHub/sMDT_fpga_arndt/Project/Ethernet/Ethernet.gen/sources_1/bd/system/ip/system_mig_7series_0_1/system_mig_7series_0_1/system_mig_7series_0_1_in_context.xdc, line 9).
Applied set_property IO_BUFFER_TYPE = NONE for ddr3_sdram_0_addr[13]. (constraint file  c:/Users/sMDT/Documents/GitHub/sMDT_fpga_arndt/Project/Ethernet/Ethernet.gen/sources_1/bd/system/ip/system_mig_7series_0_1/system_mig_7series_0_1/system_mig_7series_0_1_in_context.xdc, line 10).
Applied set_property CLOCK_BUFFER_TYPE = NONE for ddr3_sdram_0_addr[13]. (constraint file  c:/Users/sMDT/Documents/GitHub/sMDT_fpga_arndt/Project/Ethernet/Ethernet.gen/sources_1/bd/system/ip/system_mig_7series_0_1/system_mig_7series_0_1/system_mig_7series_0_1_in_context.xdc, line 11).
Applied set_property IO_BUFFER_TYPE = NONE for ddr3_sdram_0_addr[1]. (constraint file  c:/Users/sMDT/Documents/GitHub/sMDT_fpga_arndt/Project/Ethernet/Ethernet.gen/sources_1/bd/system/ip/system_mig_7series_0_1/system_mig_7series_0_1/system_mig_7series_0_1_in_context.xdc, line 12).
Applied set_property CLOCK_BUFFER_TYPE = NONE for ddr3_sdram_0_addr[1]. (constraint file  c:/Users/sMDT/Documents/GitHub/sMDT_fpga_arndt/Project/Ethernet/Ethernet.gen/sources_1/bd/system/ip/system_mig_7series_0_1/system_mig_7series_0_1/system_mig_7series_0_1_in_context.xdc, line 13).
Applied set_property IO_BUFFER_TYPE = NONE for ddr3_sdram_0_addr[2]. (constraint file  c:/Users/sMDT/Documents/GitHub/sMDT_fpga_arndt/Project/Ethernet/Ethernet.gen/sources_1/bd/system/ip/system_mig_7series_0_1/system_mig_7series_0_1/system_mig_7series_0_1_in_context.xdc, line 14).
Applied set_property CLOCK_BUFFER_TYPE = NONE for ddr3_sdram_0_addr[2]. (constraint file  c:/Users/sMDT/Documents/GitHub/sMDT_fpga_arndt/Project/Ethernet/Ethernet.gen/sources_1/bd/system/ip/system_mig_7series_0_1/system_mig_7series_0_1/system_mig_7series_0_1_in_context.xdc, line 15).
Applied set_property IO_BUFFER_TYPE = NONE for ddr3_sdram_0_addr[3]. (constraint file  c:/Users/sMDT/Documents/GitHub/sMDT_fpga_arndt/Project/Ethernet/Ethernet.gen/sources_1/bd/system/ip/system_mig_7series_0_1/system_mig_7series_0_1/system_mig_7series_0_1_in_context.xdc, line 16).
Applied set_property CLOCK_BUFFER_TYPE = NONE for ddr3_sdram_0_addr[3]. (constraint file  c:/Users/sMDT/Documents/GitHub/sMDT_fpga_arndt/Project/Ethernet/Ethernet.gen/sources_1/bd/system/ip/system_mig_7series_0_1/system_mig_7series_0_1/system_mig_7series_0_1_in_context.xdc, line 17).
Applied set_property IO_BUFFER_TYPE = NONE for ddr3_sdram_0_addr[4]. (constraint file  c:/Users/sMDT/Documents/GitHub/sMDT_fpga_arndt/Project/Ethernet/Ethernet.gen/sources_1/bd/system/ip/system_mig_7series_0_1/system_mig_7series_0_1/system_mig_7series_0_1_in_context.xdc, line 18).
Applied set_property CLOCK_BUFFER_TYPE = NONE for ddr3_sdram_0_addr[4]. (constraint file  c:/Users/sMDT/Documents/GitHub/sMDT_fpga_arndt/Project/Ethernet/Ethernet.gen/sources_1/bd/system/ip/system_mig_7series_0_1/system_mig_7series_0_1/system_mig_7series_0_1_in_context.xdc, line 19).
Applied set_property IO_BUFFER_TYPE = NONE for ddr3_sdram_0_addr[5]. (constraint file  c:/Users/sMDT/Documents/GitHub/sMDT_fpga_arndt/Project/Ethernet/Ethernet.gen/sources_1/bd/system/ip/system_mig_7series_0_1/system_mig_7series_0_1/system_mig_7series_0_1_in_context.xdc, line 20).
Applied set_property CLOCK_BUFFER_TYPE = NONE for ddr3_sdram_0_addr[5]. (constraint file  c:/Users/sMDT/Documents/GitHub/sMDT_fpga_arndt/Project/Ethernet/Ethernet.gen/sources_1/bd/system/ip/system_mig_7series_0_1/system_mig_7series_0_1/system_mig_7series_0_1_in_context.xdc, line 21).
Applied set_property IO_BUFFER_TYPE = NONE for ddr3_sdram_0_addr[6]. (constraint file  c:/Users/sMDT/Documents/GitHub/sMDT_fpga_arndt/Project/Ethernet/Ethernet.gen/sources_1/bd/system/ip/system_mig_7series_0_1/system_mig_7series_0_1/system_mig_7series_0_1_in_context.xdc, line 22).
Applied set_property CLOCK_BUFFER_TYPE = NONE for ddr3_sdram_0_addr[6]. (constraint file  c:/Users/sMDT/Documents/GitHub/sMDT_fpga_arndt/Project/Ethernet/Ethernet.gen/sources_1/bd/system/ip/system_mig_7series_0_1/system_mig_7series_0_1/system_mig_7series_0_1_in_context.xdc, line 23).
Applied set_property IO_BUFFER_TYPE = NONE for ddr3_sdram_0_addr[7]. (constraint file  c:/Users/sMDT/Documents/GitHub/sMDT_fpga_arndt/Project/Ethernet/Ethernet.gen/sources_1/bd/system/ip/system_mig_7series_0_1/system_mig_7series_0_1/system_mig_7series_0_1_in_context.xdc, line 24).
Applied set_property CLOCK_BUFFER_TYPE = NONE for ddr3_sdram_0_addr[7]. (constraint file  c:/Users/sMDT/Documents/GitHub/sMDT_fpga_arndt/Project/Ethernet/Ethernet.gen/sources_1/bd/system/ip/system_mig_7series_0_1/system_mig_7series_0_1/system_mig_7series_0_1_in_context.xdc, line 25).
Applied set_property IO_BUFFER_TYPE = NONE for ddr3_sdram_0_addr[8]. (constraint file  c:/Users/sMDT/Documents/GitHub/sMDT_fpga_arndt/Project/Ethernet/Ethernet.gen/sources_1/bd/system/ip/system_mig_7series_0_1/system_mig_7series_0_1/system_mig_7series_0_1_in_context.xdc, line 26).
Applied set_property CLOCK_BUFFER_TYPE = NONE for ddr3_sdram_0_addr[8]. (constraint file  c:/Users/sMDT/Documents/GitHub/sMDT_fpga_arndt/Project/Ethernet/Ethernet.gen/sources_1/bd/system/ip/system_mig_7series_0_1/system_mig_7series_0_1/system_mig_7series_0_1_in_context.xdc, line 27).
Applied set_property IO_BUFFER_TYPE = NONE for ddr3_sdram_0_addr[9]. (constraint file  c:/Users/sMDT/Documents/GitHub/sMDT_fpga_arndt/Project/Ethernet/Ethernet.gen/sources_1/bd/system/ip/system_mig_7series_0_1/system_mig_7series_0_1/system_mig_7series_0_1_in_context.xdc, line 28).
Applied set_property CLOCK_BUFFER_TYPE = NONE for ddr3_sdram_0_addr[9]. (constraint file  c:/Users/sMDT/Documents/GitHub/sMDT_fpga_arndt/Project/Ethernet/Ethernet.gen/sources_1/bd/system/ip/system_mig_7series_0_1/system_mig_7series_0_1/system_mig_7series_0_1_in_context.xdc, line 29).
Applied set_property IO_BUFFER_TYPE = NONE for ddr3_sdram_0_ba[0]. (constraint file  c:/Users/sMDT/Documents/GitHub/sMDT_fpga_arndt/Project/Ethernet/Ethernet.gen/sources_1/bd/system/ip/system_mig_7series_0_1/system_mig_7series_0_1/system_mig_7series_0_1_in_context.xdc, line 30).
Applied set_property CLOCK_BUFFER_TYPE = NONE for ddr3_sdram_0_ba[0]. (constraint file  c:/Users/sMDT/Documents/GitHub/sMDT_fpga_arndt/Project/Ethernet/Ethernet.gen/sources_1/bd/system/ip/system_mig_7series_0_1/system_mig_7series_0_1/system_mig_7series_0_1_in_context.xdc, line 31).
Applied set_property IO_BUFFER_TYPE = NONE for ddr3_sdram_0_ba[1]. (constraint file  c:/Users/sMDT/Documents/GitHub/sMDT_fpga_arndt/Project/Ethernet/Ethernet.gen/sources_1/bd/system/ip/system_mig_7series_0_1/system_mig_7series_0_1/system_mig_7series_0_1_in_context.xdc, line 32).
Applied set_property CLOCK_BUFFER_TYPE = NONE for ddr3_sdram_0_ba[1]. (constraint file  c:/Users/sMDT/Documents/GitHub/sMDT_fpga_arndt/Project/Ethernet/Ethernet.gen/sources_1/bd/system/ip/system_mig_7series_0_1/system_mig_7series_0_1/system_mig_7series_0_1_in_context.xdc, line 33).
Applied set_property IO_BUFFER_TYPE = NONE for ddr3_sdram_0_ba[2]. (constraint file  c:/Users/sMDT/Documents/GitHub/sMDT_fpga_arndt/Project/Ethernet/Ethernet.gen/sources_1/bd/system/ip/system_mig_7series_0_1/system_mig_7series_0_1/system_mig_7series_0_1_in_context.xdc, line 34).
Applied set_property CLOCK_BUFFER_TYPE = NONE for ddr3_sdram_0_ba[2]. (constraint file  c:/Users/sMDT/Documents/GitHub/sMDT_fpga_arndt/Project/Ethernet/Ethernet.gen/sources_1/bd/system/ip/system_mig_7series_0_1/system_mig_7series_0_1/system_mig_7series_0_1_in_context.xdc, line 35).
Applied set_property IO_BUFFER_TYPE = NONE for ddr3_sdram_0_cas_n. (constraint file  c:/Users/sMDT/Documents/GitHub/sMDT_fpga_arndt/Project/Ethernet/Ethernet.gen/sources_1/bd/system/ip/system_mig_7series_0_1/system_mig_7series_0_1/system_mig_7series_0_1_in_context.xdc, line 36).
Applied set_property CLOCK_BUFFER_TYPE = NONE for ddr3_sdram_0_cas_n. (constraint file  c:/Users/sMDT/Documents/GitHub/sMDT_fpga_arndt/Project/Ethernet/Ethernet.gen/sources_1/bd/system/ip/system_mig_7series_0_1/system_mig_7series_0_1/system_mig_7series_0_1_in_context.xdc, line 37).
Applied set_property IO_BUFFER_TYPE = NONE for ddr3_sdram_0_ck_n[0]. (constraint file  c:/Users/sMDT/Documents/GitHub/sMDT_fpga_arndt/Project/Ethernet/Ethernet.gen/sources_1/bd/system/ip/system_mig_7series_0_1/system_mig_7series_0_1/system_mig_7series_0_1_in_context.xdc, line 38).
Applied set_property CLOCK_BUFFER_TYPE = NONE for ddr3_sdram_0_ck_n[0]. (constraint file  c:/Users/sMDT/Documents/GitHub/sMDT_fpga_arndt/Project/Ethernet/Ethernet.gen/sources_1/bd/system/ip/system_mig_7series_0_1/system_mig_7series_0_1/system_mig_7series_0_1_in_context.xdc, line 39).
Applied set_property IO_BUFFER_TYPE = NONE for ddr3_sdram_0_ck_p[0]. (constraint file  c:/Users/sMDT/Documents/GitHub/sMDT_fpga_arndt/Project/Ethernet/Ethernet.gen/sources_1/bd/system/ip/system_mig_7series_0_1/system_mig_7series_0_1/system_mig_7series_0_1_in_context.xdc, line 40).
Applied set_property CLOCK_BUFFER_TYPE = NONE for ddr3_sdram_0_ck_p[0]. (constraint file  c:/Users/sMDT/Documents/GitHub/sMDT_fpga_arndt/Project/Ethernet/Ethernet.gen/sources_1/bd/system/ip/system_mig_7series_0_1/system_mig_7series_0_1/system_mig_7series_0_1_in_context.xdc, line 41).
Applied set_property IO_BUFFER_TYPE = NONE for ddr3_sdram_0_cke[0]. (constraint file  c:/Users/sMDT/Documents/GitHub/sMDT_fpga_arndt/Project/Ethernet/Ethernet.gen/sources_1/bd/system/ip/system_mig_7series_0_1/system_mig_7series_0_1/system_mig_7series_0_1_in_context.xdc, line 42).
Applied set_property CLOCK_BUFFER_TYPE = NONE for ddr3_sdram_0_cke[0]. (constraint file  c:/Users/sMDT/Documents/GitHub/sMDT_fpga_arndt/Project/Ethernet/Ethernet.gen/sources_1/bd/system/ip/system_mig_7series_0_1/system_mig_7series_0_1/system_mig_7series_0_1_in_context.xdc, line 43).
Applied set_property IO_BUFFER_TYPE = NONE for ddr3_sdram_0_cs_n[0]. (constraint file  c:/Users/sMDT/Documents/GitHub/sMDT_fpga_arndt/Project/Ethernet/Ethernet.gen/sources_1/bd/system/ip/system_mig_7series_0_1/system_mig_7series_0_1/system_mig_7series_0_1_in_context.xdc, line 44).
Applied set_property CLOCK_BUFFER_TYPE = NONE for ddr3_sdram_0_cs_n[0]. (constraint file  c:/Users/sMDT/Documents/GitHub/sMDT_fpga_arndt/Project/Ethernet/Ethernet.gen/sources_1/bd/system/ip/system_mig_7series_0_1/system_mig_7series_0_1/system_mig_7series_0_1_in_context.xdc, line 45).
Applied set_property IO_BUFFER_TYPE = NONE for ddr3_sdram_0_dm[0]. (constraint file  c:/Users/sMDT/Documents/GitHub/sMDT_fpga_arndt/Project/Ethernet/Ethernet.gen/sources_1/bd/system/ip/system_mig_7series_0_1/system_mig_7series_0_1/system_mig_7series_0_1_in_context.xdc, line 46).
Applied set_property CLOCK_BUFFER_TYPE = NONE for ddr3_sdram_0_dm[0]. (constraint file  c:/Users/sMDT/Documents/GitHub/sMDT_fpga_arndt/Project/Ethernet/Ethernet.gen/sources_1/bd/system/ip/system_mig_7series_0_1/system_mig_7series_0_1/system_mig_7series_0_1_in_context.xdc, line 47).
Applied set_property IO_BUFFER_TYPE = NONE for ddr3_sdram_0_dm[1]. (constraint file  c:/Users/sMDT/Documents/GitHub/sMDT_fpga_arndt/Project/Ethernet/Ethernet.gen/sources_1/bd/system/ip/system_mig_7series_0_1/system_mig_7series_0_1/system_mig_7series_0_1_in_context.xdc, line 48).
Applied set_property CLOCK_BUFFER_TYPE = NONE for ddr3_sdram_0_dm[1]. (constraint file  c:/Users/sMDT/Documents/GitHub/sMDT_fpga_arndt/Project/Ethernet/Ethernet.gen/sources_1/bd/system/ip/system_mig_7series_0_1/system_mig_7series_0_1/system_mig_7series_0_1_in_context.xdc, line 49).
Applied set_property IO_BUFFER_TYPE = NONE for ddr3_sdram_0_dq[0]. (constraint file  c:/Users/sMDT/Documents/GitHub/sMDT_fpga_arndt/Project/Ethernet/Ethernet.gen/sources_1/bd/system/ip/system_mig_7series_0_1/system_mig_7series_0_1/system_mig_7series_0_1_in_context.xdc, line 50).
Applied set_property CLOCK_BUFFER_TYPE = NONE for ddr3_sdram_0_dq[0]. (constraint file  c:/Users/sMDT/Documents/GitHub/sMDT_fpga_arndt/Project/Ethernet/Ethernet.gen/sources_1/bd/system/ip/system_mig_7series_0_1/system_mig_7series_0_1/system_mig_7series_0_1_in_context.xdc, line 51).
Applied set_property IO_BUFFER_TYPE = NONE for ddr3_sdram_0_dq[10]. (constraint file  c:/Users/sMDT/Documents/GitHub/sMDT_fpga_arndt/Project/Ethernet/Ethernet.gen/sources_1/bd/system/ip/system_mig_7series_0_1/system_mig_7series_0_1/system_mig_7series_0_1_in_context.xdc, line 52).
Applied set_property CLOCK_BUFFER_TYPE = NONE for ddr3_sdram_0_dq[10]. (constraint file  c:/Users/sMDT/Documents/GitHub/sMDT_fpga_arndt/Project/Ethernet/Ethernet.gen/sources_1/bd/system/ip/system_mig_7series_0_1/system_mig_7series_0_1/system_mig_7series_0_1_in_context.xdc, line 53).
Applied set_property IO_BUFFER_TYPE = NONE for ddr3_sdram_0_dq[11]. (constraint file  c:/Users/sMDT/Documents/GitHub/sMDT_fpga_arndt/Project/Ethernet/Ethernet.gen/sources_1/bd/system/ip/system_mig_7series_0_1/system_mig_7series_0_1/system_mig_7series_0_1_in_context.xdc, line 54).
Applied set_property CLOCK_BUFFER_TYPE = NONE for ddr3_sdram_0_dq[11]. (constraint file  c:/Users/sMDT/Documents/GitHub/sMDT_fpga_arndt/Project/Ethernet/Ethernet.gen/sources_1/bd/system/ip/system_mig_7series_0_1/system_mig_7series_0_1/system_mig_7series_0_1_in_context.xdc, line 55).
Applied set_property IO_BUFFER_TYPE = NONE for ddr3_sdram_0_dq[12]. (constraint file  c:/Users/sMDT/Documents/GitHub/sMDT_fpga_arndt/Project/Ethernet/Ethernet.gen/sources_1/bd/system/ip/system_mig_7series_0_1/system_mig_7series_0_1/system_mig_7series_0_1_in_context.xdc, line 56).
Applied set_property CLOCK_BUFFER_TYPE = NONE for ddr3_sdram_0_dq[12]. (constraint file  c:/Users/sMDT/Documents/GitHub/sMDT_fpga_arndt/Project/Ethernet/Ethernet.gen/sources_1/bd/system/ip/system_mig_7series_0_1/system_mig_7series_0_1/system_mig_7series_0_1_in_context.xdc, line 57).
Applied set_property IO_BUFFER_TYPE = NONE for ddr3_sdram_0_dq[13]. (constraint file  c:/Users/sMDT/Documents/GitHub/sMDT_fpga_arndt/Project/Ethernet/Ethernet.gen/sources_1/bd/system/ip/system_mig_7series_0_1/system_mig_7series_0_1/system_mig_7series_0_1_in_context.xdc, line 58).
Applied set_property CLOCK_BUFFER_TYPE = NONE for ddr3_sdram_0_dq[13]. (constraint file  c:/Users/sMDT/Documents/GitHub/sMDT_fpga_arndt/Project/Ethernet/Ethernet.gen/sources_1/bd/system/ip/system_mig_7series_0_1/system_mig_7series_0_1/system_mig_7series_0_1_in_context.xdc, line 59).
Applied set_property IO_BUFFER_TYPE = NONE for ddr3_sdram_0_dq[14]. (constraint file  c:/Users/sMDT/Documents/GitHub/sMDT_fpga_arndt/Project/Ethernet/Ethernet.gen/sources_1/bd/system/ip/system_mig_7series_0_1/system_mig_7series_0_1/system_mig_7series_0_1_in_context.xdc, line 60).
Applied set_property CLOCK_BUFFER_TYPE = NONE for ddr3_sdram_0_dq[14]. (constraint file  c:/Users/sMDT/Documents/GitHub/sMDT_fpga_arndt/Project/Ethernet/Ethernet.gen/sources_1/bd/system/ip/system_mig_7series_0_1/system_mig_7series_0_1/system_mig_7series_0_1_in_context.xdc, line 61).
Applied set_property IO_BUFFER_TYPE = NONE for ddr3_sdram_0_dq[15]. (constraint file  c:/Users/sMDT/Documents/GitHub/sMDT_fpga_arndt/Project/Ethernet/Ethernet.gen/sources_1/bd/system/ip/system_mig_7series_0_1/system_mig_7series_0_1/system_mig_7series_0_1_in_context.xdc, line 62).
Applied set_property CLOCK_BUFFER_TYPE = NONE for ddr3_sdram_0_dq[15]. (constraint file  c:/Users/sMDT/Documents/GitHub/sMDT_fpga_arndt/Project/Ethernet/Ethernet.gen/sources_1/bd/system/ip/system_mig_7series_0_1/system_mig_7series_0_1/system_mig_7series_0_1_in_context.xdc, line 63).
Applied set_property IO_BUFFER_TYPE = NONE for ddr3_sdram_0_dq[1]. (constraint file  c:/Users/sMDT/Documents/GitHub/sMDT_fpga_arndt/Project/Ethernet/Ethernet.gen/sources_1/bd/system/ip/system_mig_7series_0_1/system_mig_7series_0_1/system_mig_7series_0_1_in_context.xdc, line 64).
Applied set_property CLOCK_BUFFER_TYPE = NONE for ddr3_sdram_0_dq[1]. (constraint file  c:/Users/sMDT/Documents/GitHub/sMDT_fpga_arndt/Project/Ethernet/Ethernet.gen/sources_1/bd/system/ip/system_mig_7series_0_1/system_mig_7series_0_1/system_mig_7series_0_1_in_context.xdc, line 65).
Applied set_property IO_BUFFER_TYPE = NONE for ddr3_sdram_0_dq[2]. (constraint file  c:/Users/sMDT/Documents/GitHub/sMDT_fpga_arndt/Project/Ethernet/Ethernet.gen/sources_1/bd/system/ip/system_mig_7series_0_1/system_mig_7series_0_1/system_mig_7series_0_1_in_context.xdc, line 66).
Applied set_property CLOCK_BUFFER_TYPE = NONE for ddr3_sdram_0_dq[2]. (constraint file  c:/Users/sMDT/Documents/GitHub/sMDT_fpga_arndt/Project/Ethernet/Ethernet.gen/sources_1/bd/system/ip/system_mig_7series_0_1/system_mig_7series_0_1/system_mig_7series_0_1_in_context.xdc, line 67).
Applied set_property IO_BUFFER_TYPE = NONE for ddr3_sdram_0_dq[3]. (constraint file  c:/Users/sMDT/Documents/GitHub/sMDT_fpga_arndt/Project/Ethernet/Ethernet.gen/sources_1/bd/system/ip/system_mig_7series_0_1/system_mig_7series_0_1/system_mig_7series_0_1_in_context.xdc, line 68).
Applied set_property CLOCK_BUFFER_TYPE = NONE for ddr3_sdram_0_dq[3]. (constraint file  c:/Users/sMDT/Documents/GitHub/sMDT_fpga_arndt/Project/Ethernet/Ethernet.gen/sources_1/bd/system/ip/system_mig_7series_0_1/system_mig_7series_0_1/system_mig_7series_0_1_in_context.xdc, line 69).
Applied set_property IO_BUFFER_TYPE = NONE for ddr3_sdram_0_dq[4]. (constraint file  c:/Users/sMDT/Documents/GitHub/sMDT_fpga_arndt/Project/Ethernet/Ethernet.gen/sources_1/bd/system/ip/system_mig_7series_0_1/system_mig_7series_0_1/system_mig_7series_0_1_in_context.xdc, line 70).
Applied set_property CLOCK_BUFFER_TYPE = NONE for ddr3_sdram_0_dq[4]. (constraint file  c:/Users/sMDT/Documents/GitHub/sMDT_fpga_arndt/Project/Ethernet/Ethernet.gen/sources_1/bd/system/ip/system_mig_7series_0_1/system_mig_7series_0_1/system_mig_7series_0_1_in_context.xdc, line 71).
Applied set_property IO_BUFFER_TYPE = NONE for ddr3_sdram_0_dq[5]. (constraint file  c:/Users/sMDT/Documents/GitHub/sMDT_fpga_arndt/Project/Ethernet/Ethernet.gen/sources_1/bd/system/ip/system_mig_7series_0_1/system_mig_7series_0_1/system_mig_7series_0_1_in_context.xdc, line 72).
Applied set_property CLOCK_BUFFER_TYPE = NONE for ddr3_sdram_0_dq[5]. (constraint file  c:/Users/sMDT/Documents/GitHub/sMDT_fpga_arndt/Project/Ethernet/Ethernet.gen/sources_1/bd/system/ip/system_mig_7series_0_1/system_mig_7series_0_1/system_mig_7series_0_1_in_context.xdc, line 73).
Applied set_property IO_BUFFER_TYPE = NONE for ddr3_sdram_0_dq[6]. (constraint file  c:/Users/sMDT/Documents/GitHub/sMDT_fpga_arndt/Project/Ethernet/Ethernet.gen/sources_1/bd/system/ip/system_mig_7series_0_1/system_mig_7series_0_1/system_mig_7series_0_1_in_context.xdc, line 74).
Applied set_property CLOCK_BUFFER_TYPE = NONE for ddr3_sdram_0_dq[6]. (constraint file  c:/Users/sMDT/Documents/GitHub/sMDT_fpga_arndt/Project/Ethernet/Ethernet.gen/sources_1/bd/system/ip/system_mig_7series_0_1/system_mig_7series_0_1/system_mig_7series_0_1_in_context.xdc, line 75).
Applied set_property IO_BUFFER_TYPE = NONE for ddr3_sdram_0_dq[7]. (constraint file  c:/Users/sMDT/Documents/GitHub/sMDT_fpga_arndt/Project/Ethernet/Ethernet.gen/sources_1/bd/system/ip/system_mig_7series_0_1/system_mig_7series_0_1/system_mig_7series_0_1_in_context.xdc, line 76).
Applied set_property CLOCK_BUFFER_TYPE = NONE for ddr3_sdram_0_dq[7]. (constraint file  c:/Users/sMDT/Documents/GitHub/sMDT_fpga_arndt/Project/Ethernet/Ethernet.gen/sources_1/bd/system/ip/system_mig_7series_0_1/system_mig_7series_0_1/system_mig_7series_0_1_in_context.xdc, line 77).
Applied set_property IO_BUFFER_TYPE = NONE for ddr3_sdram_0_dq[8]. (constraint file  c:/Users/sMDT/Documents/GitHub/sMDT_fpga_arndt/Project/Ethernet/Ethernet.gen/sources_1/bd/system/ip/system_mig_7series_0_1/system_mig_7series_0_1/system_mig_7series_0_1_in_context.xdc, line 78).
Applied set_property CLOCK_BUFFER_TYPE = NONE for ddr3_sdram_0_dq[8]. (constraint file  c:/Users/sMDT/Documents/GitHub/sMDT_fpga_arndt/Project/Ethernet/Ethernet.gen/sources_1/bd/system/ip/system_mig_7series_0_1/system_mig_7series_0_1/system_mig_7series_0_1_in_context.xdc, line 79).
Applied set_property IO_BUFFER_TYPE = NONE for ddr3_sdram_0_dq[9]. (constraint file  c:/Users/sMDT/Documents/GitHub/sMDT_fpga_arndt/Project/Ethernet/Ethernet.gen/sources_1/bd/system/ip/system_mig_7series_0_1/system_mig_7series_0_1/system_mig_7series_0_1_in_context.xdc, line 80).
Applied set_property CLOCK_BUFFER_TYPE = NONE for ddr3_sdram_0_dq[9]. (constraint file  c:/Users/sMDT/Documents/GitHub/sMDT_fpga_arndt/Project/Ethernet/Ethernet.gen/sources_1/bd/system/ip/system_mig_7series_0_1/system_mig_7series_0_1/system_mig_7series_0_1_in_context.xdc, line 81).
Applied set_property IO_BUFFER_TYPE = NONE for ddr3_sdram_0_dqs_n[0]. (constraint file  c:/Users/sMDT/Documents/GitHub/sMDT_fpga_arndt/Project/Ethernet/Ethernet.gen/sources_1/bd/system/ip/system_mig_7series_0_1/system_mig_7series_0_1/system_mig_7series_0_1_in_context.xdc, line 82).
Applied set_property CLOCK_BUFFER_TYPE = NONE for ddr3_sdram_0_dqs_n[0]. (constraint file  c:/Users/sMDT/Documents/GitHub/sMDT_fpga_arndt/Project/Ethernet/Ethernet.gen/sources_1/bd/system/ip/system_mig_7series_0_1/system_mig_7series_0_1/system_mig_7series_0_1_in_context.xdc, line 83).
Applied set_property IO_BUFFER_TYPE = NONE for ddr3_sdram_0_dqs_n[1]. (constraint file  c:/Users/sMDT/Documents/GitHub/sMDT_fpga_arndt/Project/Ethernet/Ethernet.gen/sources_1/bd/system/ip/system_mig_7series_0_1/system_mig_7series_0_1/system_mig_7series_0_1_in_context.xdc, line 84).
Applied set_property CLOCK_BUFFER_TYPE = NONE for ddr3_sdram_0_dqs_n[1]. (constraint file  c:/Users/sMDT/Documents/GitHub/sMDT_fpga_arndt/Project/Ethernet/Ethernet.gen/sources_1/bd/system/ip/system_mig_7series_0_1/system_mig_7series_0_1/system_mig_7series_0_1_in_context.xdc, line 85).
Applied set_property IO_BUFFER_TYPE = NONE for ddr3_sdram_0_dqs_p[0]. (constraint file  c:/Users/sMDT/Documents/GitHub/sMDT_fpga_arndt/Project/Ethernet/Ethernet.gen/sources_1/bd/system/ip/system_mig_7series_0_1/system_mig_7series_0_1/system_mig_7series_0_1_in_context.xdc, line 86).
Applied set_property CLOCK_BUFFER_TYPE = NONE for ddr3_sdram_0_dqs_p[0]. (constraint file  c:/Users/sMDT/Documents/GitHub/sMDT_fpga_arndt/Project/Ethernet/Ethernet.gen/sources_1/bd/system/ip/system_mig_7series_0_1/system_mig_7series_0_1/system_mig_7series_0_1_in_context.xdc, line 87).
Applied set_property IO_BUFFER_TYPE = NONE for ddr3_sdram_0_dqs_p[1]. (constraint file  c:/Users/sMDT/Documents/GitHub/sMDT_fpga_arndt/Project/Ethernet/Ethernet.gen/sources_1/bd/system/ip/system_mig_7series_0_1/system_mig_7series_0_1/system_mig_7series_0_1_in_context.xdc, line 88).
Applied set_property CLOCK_BUFFER_TYPE = NONE for ddr3_sdram_0_dqs_p[1]. (constraint file  c:/Users/sMDT/Documents/GitHub/sMDT_fpga_arndt/Project/Ethernet/Ethernet.gen/sources_1/bd/system/ip/system_mig_7series_0_1/system_mig_7series_0_1/system_mig_7series_0_1_in_context.xdc, line 89).
Applied set_property IO_BUFFER_TYPE = NONE for ddr3_sdram_0_odt[0]. (constraint file  c:/Users/sMDT/Documents/GitHub/sMDT_fpga_arndt/Project/Ethernet/Ethernet.gen/sources_1/bd/system/ip/system_mig_7series_0_1/system_mig_7series_0_1/system_mig_7series_0_1_in_context.xdc, line 90).
Applied set_property CLOCK_BUFFER_TYPE = NONE for ddr3_sdram_0_odt[0]. (constraint file  c:/Users/sMDT/Documents/GitHub/sMDT_fpga_arndt/Project/Ethernet/Ethernet.gen/sources_1/bd/system/ip/system_mig_7series_0_1/system_mig_7series_0_1/system_mig_7series_0_1_in_context.xdc, line 91).
Applied set_property IO_BUFFER_TYPE = NONE for ddr3_sdram_0_ras_n. (constraint file  c:/Users/sMDT/Documents/GitHub/sMDT_fpga_arndt/Project/Ethernet/Ethernet.gen/sources_1/bd/system/ip/system_mig_7series_0_1/system_mig_7series_0_1/system_mig_7series_0_1_in_context.xdc, line 92).
Applied set_property CLOCK_BUFFER_TYPE = NONE for ddr3_sdram_0_ras_n. (constraint file  c:/Users/sMDT/Documents/GitHub/sMDT_fpga_arndt/Project/Ethernet/Ethernet.gen/sources_1/bd/system/ip/system_mig_7series_0_1/system_mig_7series_0_1/system_mig_7series_0_1_in_context.xdc, line 93).
Applied set_property IO_BUFFER_TYPE = NONE for ddr3_sdram_0_reset_n. (constraint file  c:/Users/sMDT/Documents/GitHub/sMDT_fpga_arndt/Project/Ethernet/Ethernet.gen/sources_1/bd/system/ip/system_mig_7series_0_1/system_mig_7series_0_1/system_mig_7series_0_1_in_context.xdc, line 94).
Applied set_property CLOCK_BUFFER_TYPE = NONE for ddr3_sdram_0_reset_n. (constraint file  c:/Users/sMDT/Documents/GitHub/sMDT_fpga_arndt/Project/Ethernet/Ethernet.gen/sources_1/bd/system/ip/system_mig_7series_0_1/system_mig_7series_0_1/system_mig_7series_0_1_in_context.xdc, line 95).
Applied set_property IO_BUFFER_TYPE = NONE for ddr3_sdram_0_we_n. (constraint file  c:/Users/sMDT/Documents/GitHub/sMDT_fpga_arndt/Project/Ethernet/Ethernet.gen/sources_1/bd/system/ip/system_mig_7series_0_1/system_mig_7series_0_1/system_mig_7series_0_1_in_context.xdc, line 96).
Applied set_property CLOCK_BUFFER_TYPE = NONE for ddr3_sdram_0_we_n. (constraint file  c:/Users/sMDT/Documents/GitHub/sMDT_fpga_arndt/Project/Ethernet/Ethernet.gen/sources_1/bd/system/ip/system_mig_7series_0_1/system_mig_7series_0_1/system_mig_7series_0_1_in_context.xdc, line 97).
Applied set_property KEEP_HIERARCHY = SOFT for system_i. (constraint file  auto generated constraint).
Applied set_property KEEP_HIERARCHY = SOFT for system_i/util_ds_buf_0. (constraint file  auto generated constraint).
Applied set_property KEEP_HIERARCHY = SOFT for system_i/clk_wiz_0. (constraint file  auto generated constraint).
Applied set_property KEEP_HIERARCHY = SOFT for system_i/axi_uartlite_0. (constraint file  auto generated constraint).
Applied set_property KEEP_HIERARCHY = SOFT for system_i/axi_gpio_0. (constraint file  auto generated constraint).
Applied set_property KEEP_HIERARCHY = SOFT for system_i/microblaze_0. (constraint file  auto generated constraint).
Applied set_property KEEP_HIERARCHY = SOFT for system_i/microblaze_0_local_memory/dlmb_v10. (constraint file  auto generated constraint).
Applied set_property KEEP_HIERARCHY = SOFT for system_i/microblaze_0_local_memory/ilmb_v10. (constraint file  auto generated constraint).
Applied set_property KEEP_HIERARCHY = SOFT for system_i/microblaze_0_local_memory/dlmb_bram_if_cntlr. (constraint file  auto generated constraint).
Applied set_property KEEP_HIERARCHY = SOFT for system_i/microblaze_0_local_memory/ilmb_bram_if_cntlr. (constraint file  auto generated constraint).
Applied set_property KEEP_HIERARCHY = SOFT for system_i/microblaze_0_local_memory/lmb_bram. (constraint file  auto generated constraint).
Applied set_property KEEP_HIERARCHY = SOFT for system_i/mdm_1. (constraint file  auto generated constraint).
Applied set_property KEEP_HIERARCHY = SOFT for system_i/rst_clk_wiz_0_200M. (constraint file  auto generated constraint).
Applied set_property KEEP_HIERARCHY = SOFT for system_i/perif_interconnect/xbar. (constraint file  auto generated constraint).
Applied set_property KEEP_HIERARCHY = SOFT for system_i/perif_interconnect. (constraint file  auto generated constraint).
Applied set_property KEEP_HIERARCHY = SOFT for system_i/ram_interconnect/xbar. (constraint file  auto generated constraint).
Applied set_property KEEP_HIERARCHY = SOFT for system_i/ram_interconnect/s00_couplers/auto_us. (constraint file  auto generated constraint).
Applied set_property KEEP_HIERARCHY = SOFT for system_i/ram_interconnect/s01_couplers/auto_us. (constraint file  auto generated constraint).
Applied set_property KEEP_HIERARCHY = SOFT for system_i/ram_interconnect/m00_couplers/auto_cc. (constraint file  auto generated constraint).
Applied set_property KEEP_HIERARCHY = SOFT for system_i/ram_interconnect. (constraint file  auto generated constraint).
Applied set_property KEEP_HIERARCHY = SOFT for system_i/rst_mig_7series_0_155M. (constraint file  auto generated constraint).
Applied set_property KEEP_HIERARCHY = SOFT for system_i/mig_7series_0. (constraint file  auto generated constraint).
---------------------------------------------------------------------------------
Finished applying 'set_property' XDC Constraints : Time (s): cpu = 00:00:21 ; elapsed = 00:00:22 . Memory (MB): peak = 1500.352 ; gain = 535.555
---------------------------------------------------------------------------------
---------------------------------------------------------------------------------
Finished RTL Optimization Phase 2 : Time (s): cpu = 00:00:22 ; elapsed = 00:00:22 . Memory (MB): peak = 1500.352 ; gain = 535.555
---------------------------------------------------------------------------------
---------------------------------------------------------------------------------
Start RTL Component Statistics 
---------------------------------------------------------------------------------
Detailed RTL Component Info : 
---------------------------------------------------------------------------------
Finished RTL Component Statistics 
---------------------------------------------------------------------------------
---------------------------------------------------------------------------------
Start Part Resource Summary
---------------------------------------------------------------------------------
Part Resources:
DSPs: 240 (col length:80)
BRAMs: 270 (col length: RAMB18 80 RAMB36 40)
---------------------------------------------------------------------------------
Finished Part Resource Summary
---------------------------------------------------------------------------------
---------------------------------------------------------------------------------
Start Cross Boundary and Area Optimization
---------------------------------------------------------------------------------
WARNING: [Synth 8-7080] Parallel synthesis criteria is not met
WARNING: [Synth 8-7129] Port M00_ACLK in module system_axi_interconnect_0_0 is either unconnected or has no load
WARNING: [Synth 8-7129] Port M00_ARESETN in module system_axi_interconnect_0_0 is either unconnected or has no load
WARNING: [Synth 8-7129] Port M01_ACLK in module system_axi_interconnect_0_0 is either unconnected or has no load
WARNING: [Synth 8-7129] Port M01_ARESETN in module system_axi_interconnect_0_0 is either unconnected or has no load
WARNING: [Synth 8-7129] Port S00_ACLK in module system_axi_interconnect_0_0 is either unconnected or has no load
WARNING: [Synth 8-7129] Port S00_ARESETN in module system_axi_interconnect_0_0 is either unconnected or has no load
---------------------------------------------------------------------------------
Finished Cross Boundary and Area Optimization : Time (s): cpu = 00:00:24 ; elapsed = 00:00:25 . Memory (MB): peak = 1500.352 ; gain = 535.555
---------------------------------------------------------------------------------
---------------------------------------------------------------------------------
Start Applying XDC Timing Constraints
---------------------------------------------------------------------------------
---------------------------------------------------------------------------------
Finished Applying XDC Timing Constraints : Time (s): cpu = 00:00:31 ; elapsed = 00:00:32 . Memory (MB): peak = 1500.352 ; gain = 535.555
---------------------------------------------------------------------------------
---------------------------------------------------------------------------------
Start Timing Optimization
---------------------------------------------------------------------------------
---------------------------------------------------------------------------------
Finished Timing Optimization : Time (s): cpu = 00:00:31 ; elapsed = 00:00:32 . Memory (MB): peak = 1500.352 ; gain = 535.555
---------------------------------------------------------------------------------
---------------------------------------------------------------------------------
Start Technology Mapping
---------------------------------------------------------------------------------
---------------------------------------------------------------------------------
Finished Technology Mapping : Time (s): cpu = 00:00:31 ; elapsed = 00:00:32 . Memory (MB): peak = 1500.352 ; gain = 535.555
---------------------------------------------------------------------------------
---------------------------------------------------------------------------------
Start IO Insertion
---------------------------------------------------------------------------------
---------------------------------------------------------------------------------
Start Flattening Before IO Insertion
---------------------------------------------------------------------------------
---------------------------------------------------------------------------------
Finished Flattening Before IO Insertion
---------------------------------------------------------------------------------
---------------------------------------------------------------------------------
Start Final Netlist Cleanup
---------------------------------------------------------------------------------
---------------------------------------------------------------------------------
Finished Final Netlist Cleanup
---------------------------------------------------------------------------------
---------------------------------------------------------------------------------
Finished IO Insertion : Time (s): cpu = 00:00:37 ; elapsed = 00:00:38 . Memory (MB): peak = 1500.352 ; gain = 535.555
---------------------------------------------------------------------------------
---------------------------------------------------------------------------------
Start Renaming Generated Instances
---------------------------------------------------------------------------------
---------------------------------------------------------------------------------
Finished Renaming Generated Instances : Time (s): cpu = 00:00:37 ; elapsed = 00:00:38 . Memory (MB): peak = 1500.352 ; gain = 535.555
---------------------------------------------------------------------------------
---------------------------------------------------------------------------------
Start Rebuilding User Hierarchy
---------------------------------------------------------------------------------
---------------------------------------------------------------------------------
Finished Rebuilding User Hierarchy : Time (s): cpu = 00:00:37 ; elapsed = 00:00:38 . Memory (MB): peak = 1500.352 ; gain = 535.555
---------------------------------------------------------------------------------
---------------------------------------------------------------------------------
Start Renaming Generated Ports
---------------------------------------------------------------------------------
---------------------------------------------------------------------------------
Finished Renaming Generated Ports : Time (s): cpu = 00:00:37 ; elapsed = 00:00:38 . Memory (MB): peak = 1500.352 ; gain = 535.555
---------------------------------------------------------------------------------
---------------------------------------------------------------------------------
Start Handling Custom Attributes
---------------------------------------------------------------------------------
---------------------------------------------------------------------------------
Finished Handling Custom Attributes : Time (s): cpu = 00:00:37 ; elapsed = 00:00:38 . Memory (MB): peak = 1500.352 ; gain = 535.555
---------------------------------------------------------------------------------
---------------------------------------------------------------------------------
Start Renaming Generated Nets
---------------------------------------------------------------------------------
---------------------------------------------------------------------------------
Finished Renaming Generated Nets : Time (s): cpu = 00:00:37 ; elapsed = 00:00:38 . Memory (MB): peak = 1500.352 ; gain = 535.555
---------------------------------------------------------------------------------
---------------------------------------------------------------------------------
Start Writing Synthesis Report
---------------------------------------------------------------------------------

Report BlackBoxes: 
+------+--------------------------------+----------+
|      |BlackBox name                   |Instances |
+------+--------------------------------+----------+
|1     |system_xbar_0                   |         1|
|2     |system_xbar_1                   |         1|
|3     |system_auto_cc_0                |         1|
|4     |system_auto_us_0                |         1|
|5     |system_auto_us_1                |         1|
|6     |system_axi_gpio_0_0             |         1|
|7     |system_axi_uartlite_0_0         |         1|
|8     |system_clk_wiz_0_0              |         1|
|9     |system_mdm_1_0                  |         1|
|10    |system_microblaze_0_0           |         1|
|11    |system_mig_7series_0_1          |         1|
|12    |system_rst_clk_wiz_0_200M_0     |         1|
|13    |system_rst_mig_7series_0_155M_0 |         1|
|14    |system_util_ds_buf_0_0          |         1|
|15    |system_dlmb_bram_if_cntlr_0     |         1|
|16    |system_dlmb_v10_0               |         1|
|17    |system_ilmb_bram_if_cntlr_0     |         1|
|18    |system_ilmb_v10_0               |         1|
|19    |system_lmb_bram_0               |         1|
+------+--------------------------------+----------+

Report Cell Usage: 
+------+-------------------------------------+------+
|      |Cell                                 |Count |
+------+-------------------------------------+------+
|1     |system_auto_cc_0_bbox                |     1|
|2     |system_auto_us_0_bbox                |     1|
|3     |system_auto_us_1_bbox                |     1|
|4     |system_axi_gpio_0_0_bbox             |     1|
|5     |system_axi_uartlite_0_0_bbox         |     1|
|6     |system_clk_wiz_0_0_bbox              |     1|
|7     |system_dlmb_bram_if_cntlr_0_bbox     |     1|
|8     |system_dlmb_v10_0_bbox               |     1|
|9     |system_ilmb_bram_if_cntlr_0_bbox     |     1|
|10    |system_ilmb_v10_0_bbox               |     1|
|11    |system_lmb_bram_0_bbox               |     1|
|12    |system_mdm_1_0_bbox                  |     1|
|13    |system_microblaze_0_0_bbox           |     1|
|14    |system_mig_7series_0_1_bbox          |     1|
|15    |system_rst_clk_wiz_0_200M_0_bbox     |     1|
|16    |system_rst_mig_7series_0_155M_0_bbox |     1|
|17    |system_util_ds_buf_0_0_bbox          |     1|
|18    |system_xbar_0_bbox                   |     1|
|19    |system_xbar_1_bbox                   |     1|
|20    |IBUF                                 |     4|
|21    |OBUF                                 |     2|
+------+-------------------------------------+------+
---------------------------------------------------------------------------------
Finished Writing Synthesis Report : Time (s): cpu = 00:00:37 ; elapsed = 00:00:38 . Memory (MB): peak = 1500.352 ; gain = 535.555
---------------------------------------------------------------------------------
Synthesis finished with 0 errors, 0 critical warnings and 7 warnings.
Synthesis Optimization Runtime : Time (s): cpu = 00:00:24 ; elapsed = 00:00:35 . Memory (MB): peak = 1500.352 ; gain = 517.160
Synthesis Optimization Complete : Time (s): cpu = 00:00:37 ; elapsed = 00:00:38 . Memory (MB): peak = 1500.352 ; gain = 535.555
INFO: [Project 1-571] Translating synthesized netlist
Netlist sorting complete. Time (s): cpu = 00:00:00 ; elapsed = 00:00:00.065 . Memory (MB): peak = 1500.918 ; gain = 0.000
INFO: [Project 1-570] Preparing netlist for logic optimization
INFO: [Opt 31-138] Pushed 0 inverter(s) to 0 load pin(s).
Netlist sorting complete. Time (s): cpu = 00:00:00 ; elapsed = 00:00:00 . Memory (MB): peak = 1508.531 ; gain = 0.000
INFO: [Project 1-111] Unisim Transformation Summary:
No Unisim elements were transformed.

Synth Design complete | Checksum: 3d91c8e9
INFO: [Common 17-83] Releasing license: Synthesis
83 Infos, 42 Warnings, 0 Critical Warnings and 0 Errors encountered.
synth_design completed successfully
synth_design: Time (s): cpu = 00:00:43 ; elapsed = 00:00:45 . Memory (MB): peak = 1508.531 ; gain = 933.762
INFO: [Common 17-1381] The checkpoint 'C:/Users/sMDT/Documents/GitHub/sMDT_fpga_arndt/Project/Ethernet/Ethernet.runs/synth_1/system_wrapper.dcp' has been generated.
INFO: [runtcl-4] Executing : report_utilization -file system_wrapper_utilization_synth.rpt -pb system_wrapper_utilization_synth.pb
INFO: [Common 17-206] Exiting Vivado at Mon Mar 31 13:58:36 2025...
